Component: ARM Compiler 5.06 update 5 (build 528) Tool: armlink [4d35e2]

==============================================================================

Section Cross References

    startup_stm32f10x_md.o(STACK) refers (Special) to heapauxi.o(.text) for __use_two_region_memory
    startup_stm32f10x_md.o(HEAP) refers (Special) to heapauxi.o(.text) for __use_two_region_memory
    startup_stm32f10x_md.o(RESET) refers (Special) to heapauxi.o(.text) for __use_two_region_memory
    startup_stm32f10x_md.o(RESET) refers to startup_stm32f10x_md.o(STACK) for __initial_sp
    startup_stm32f10x_md.o(RESET) refers to startup_stm32f10x_md.o(.text) for Reset_Handler
    startup_stm32f10x_md.o(RESET) refers to stm32f10x_it.o(i.NMI_Handler) for NMI_Handler
    startup_stm32f10x_md.o(RESET) refers to stm32f10x_it.o(i.HardFault_Handler) for HardFault_Handler
    startup_stm32f10x_md.o(RESET) refers to stm32f10x_it.o(i.MemManage_Handler) for MemManage_Handler
    startup_stm32f10x_md.o(RESET) refers to stm32f10x_it.o(i.BusFault_Handler) for BusFault_Handler
    startup_stm32f10x_md.o(RESET) refers to stm32f10x_it.o(i.UsageFault_Handler) for UsageFault_Handler
    startup_stm32f10x_md.o(RESET) refers to stm32f10x_it.o(i.SVC_Handler) for SVC_Handler
    startup_stm32f10x_md.o(RESET) refers to stm32f10x_it.o(i.DebugMon_Handler) for DebugMon_Handler
    startup_stm32f10x_md.o(RESET) refers to stm32f10x_it.o(i.PendSV_Handler) for PendSV_Handler
    startup_stm32f10x_md.o(RESET) refers to stm32f10x_it.o(i.SysTick_Handler) for SysTick_Handler
    startup_stm32f10x_md.o(RESET) refers to main.o(i.TIM2_IRQHandler) for TIM2_IRQHandler
    startup_stm32f10x_md.o(.text) refers (Special) to heapauxi.o(.text) for __use_two_region_memory
    startup_stm32f10x_md.o(.text) refers to system_stm32f10x.o(i.SystemInit) for SystemInit
    startup_stm32f10x_md.o(.text) refers to __main.o(!!!main) for __main
    startup_stm32f10x_md.o(.text) refers to startup_stm32f10x_md.o(HEAP) for Heap_Mem
    startup_stm32f10x_md.o(.text) refers to startup_stm32f10x_md.o(STACK) for Stack_Mem
    system_stm32f10x.o(i.SetSysClock) refers to system_stm32f10x.o(i.SetSysClockTo72) for SetSysClockTo72
    system_stm32f10x.o(i.SystemCoreClockUpdate) refers to system_stm32f10x.o(.data) for SystemCoreClock
    system_stm32f10x.o(i.SystemInit) refers to system_stm32f10x.o(i.SetSysClock) for SetSysClock
    stm32f10x_adc.o(i.ADC_DeInit) refers to stm32f10x_rcc.o(i.RCC_APB2PeriphResetCmd) for RCC_APB2PeriphResetCmd
    stm32f10x_bkp.o(i.BKP_DeInit) refers to stm32f10x_rcc.o(i.RCC_BackupResetCmd) for RCC_BackupResetCmd
    stm32f10x_can.o(i.CAN_DeInit) refers to stm32f10x_rcc.o(i.RCC_APB1PeriphResetCmd) for RCC_APB1PeriphResetCmd
    stm32f10x_can.o(i.CAN_GetITStatus) refers to stm32f10x_can.o(i.CheckITStatus) for CheckITStatus
    stm32f10x_cec.o(i.CEC_DeInit) refers to stm32f10x_rcc.o(i.RCC_APB1PeriphResetCmd) for RCC_APB1PeriphResetCmd
    stm32f10x_dac.o(i.DAC_DeInit) refers to stm32f10x_rcc.o(i.RCC_APB1PeriphResetCmd) for RCC_APB1PeriphResetCmd
    stm32f10x_flash.o(i.FLASH_EnableWriteProtection) refers to stm32f10x_flash.o(i.FLASH_WaitForLastOperation) for FLASH_WaitForLastOperation
    stm32f10x_flash.o(i.FLASH_EraseAllBank1Pages) refers to stm32f10x_flash.o(i.FLASH_WaitForLastBank1Operation) for FLASH_WaitForLastBank1Operation
    stm32f10x_flash.o(i.FLASH_EraseAllPages) refers to stm32f10x_flash.o(i.FLASH_WaitForLastOperation) for FLASH_WaitForLastOperation
    stm32f10x_flash.o(i.FLASH_EraseOptionBytes) refers to stm32f10x_flash.o(i.FLASH_GetReadOutProtectionStatus) for FLASH_GetReadOutProtectionStatus
    stm32f10x_flash.o(i.FLASH_EraseOptionBytes) refers to stm32f10x_flash.o(i.FLASH_WaitForLastOperation) for FLASH_WaitForLastOperation
    stm32f10x_flash.o(i.FLASH_ErasePage) refers to stm32f10x_flash.o(i.FLASH_WaitForLastOperation) for FLASH_WaitForLastOperation
    stm32f10x_flash.o(i.FLASH_ProgramHalfWord) refers to stm32f10x_flash.o(i.FLASH_WaitForLastOperation) for FLASH_WaitForLastOperation
    stm32f10x_flash.o(i.FLASH_ProgramOptionByteData) refers to stm32f10x_flash.o(i.FLASH_WaitForLastOperation) for FLASH_WaitForLastOperation
    stm32f10x_flash.o(i.FLASH_ProgramWord) refers to stm32f10x_flash.o(i.FLASH_WaitForLastOperation) for FLASH_WaitForLastOperation
    stm32f10x_flash.o(i.FLASH_ReadOutProtection) refers to stm32f10x_flash.o(i.FLASH_WaitForLastOperation) for FLASH_WaitForLastOperation
    stm32f10x_flash.o(i.FLASH_UserOptionByteConfig) refers to stm32f10x_flash.o(i.FLASH_WaitForLastOperation) for FLASH_WaitForLastOperation
    stm32f10x_flash.o(i.FLASH_WaitForLastBank1Operation) refers to stm32f10x_flash.o(i.FLASH_GetBank1Status) for FLASH_GetBank1Status
    stm32f10x_flash.o(i.FLASH_WaitForLastOperation) refers to stm32f10x_flash.o(i.FLASH_GetBank1Status) for FLASH_GetBank1Status
    stm32f10x_gpio.o(i.GPIO_AFIODeInit) refers to stm32f10x_rcc.o(i.RCC_APB2PeriphResetCmd) for RCC_APB2PeriphResetCmd
[...]
    .ARM.Collect$$libinit$$00000002          0x080001f2   Section        0  libinit2.o(.ARM.Collect$$libinit$$00000002)
    .ARM.Collect$$libinit$$00000004          0x080001f2   Section        0  libinit2.o(.ARM.Collect$$libinit$$00000004)
    .ARM.Collect$$libinit$$0000000A          0x080001f2   Section        0  libinit2.o(.ARM.Collect$$libinit$$0000000A)
    .ARM.Collect$$libinit$$0000000C          0x080001f2   Section        0  libinit2.o(.ARM.Collect$$libinit$$0000000C)
    .ARM.Collect$$libinit$$0000000E          0x080001f2   Section        0  libinit2.o(.ARM.Collect$$libinit$$0000000E)
    .ARM.Collect$$libinit$$0000000F          0x080001f2   Section        6  libinit2.o(.ARM.Collect$$libinit$$0000000F)
    .ARM.Collect$$libinit$$00000011          0x080001f8   Section        0  libinit2.o(.ARM.Collect$$libinit$$00000011)
    .ARM.Collect$$libinit$$00000012          0x080001f8   Section       12  libinit2.o(.ARM.Collect$$libinit$$00000012)
    .ARM.Collect$$libinit$$00000013          0x08000204   Section        0  libinit2.o(.ARM.Collect$$libinit$$00000013)
    .ARM.Collect$$libinit$$00000015          0x08000204   Section        0  libinit2.o(.ARM.Collect$$libinit$$00000015)
    .ARM.Collect$$libinit$$00000016          0x08000204   Section       10  libinit2.o(.ARM.Collect$$libinit$$00000016)
    .ARM.Collect$$libinit$$00000017          0x0800020e   Section        0  libinit2.o(.ARM.Collect$$libinit$$00000017)
    .ARM.Collect$$libinit$$00000019          0x0800020e   Section        0  libinit2.o(.ARM.Collect$$libinit$$00000019)
    .ARM.Collect$$libinit$$0000001B          0x0800020e   Section        0  libinit2.o(.ARM.Collect$$libinit$$0000001B)
    .ARM.Collect$$libinit$$0000001D          0x0800020e   Section        0  libinit2.o(.ARM.Collect$$libinit$$0000001D)
    .ARM.Collect$$libinit$$0000001F          0x0800020e   Section        0  libinit2.o(.ARM.Collect$$libinit$$0000001F)
    .ARM.Collect$$libinit$$00000021          0x0800020e   Section        0  libinit2.o(.ARM.Collect$$libinit$$00000021)
    .ARM.Collect$$libinit$$00000023          0x0800020e   Section        0  libinit2.o(.ARM.Collect$$libinit$$00000023)
    .ARM.Collect$$libinit$$00000025          0x0800020e   Section        0  libinit2.o(.ARM.Collect$$libinit$$00000025)
    .ARM.Collect$$libinit$$0000002C          0x0800020e   Section        0  libinit2.o(.ARM.Collect$$libinit$$0000002C)
    .ARM.Collect$$libinit$$0000002E          0x0800020e   Section        0  libinit2.o(.ARM.Collect$$libinit$$0000002E)
    .ARM.Collect$$libinit$$00000030          0x0800020e   Section        0  libinit2.o(.ARM.Collect$$libinit$$00000030)
    .ARM.Collect$$libinit$$00000032          0x0800020e   Section        0  libinit2.o(.ARM.Collect$$libinit$$00000032)
    .ARM.Collect$$libinit$$00000033          0x0800020e   Section        2  libinit2.o(.ARM.Collect$$libinit$$00000033)
    .ARM.Collect$$libshutdown$$00000000      0x08000210   Section        2  libshutdown.o(.ARM.Collect$$libshutdown$$00000000)
    .ARM.Collect$$libshutdown$$00000002      0x08000212   Section        0  libshutdown2.o(.ARM.Collect$$libshutdown$$00000002)
    .ARM.Collect$$libshutdown$$00000004      0x08000212   Section        0  libshutdown2.o(.ARM.Collect$$libshutdown$$00000004)
    .ARM.Collect$$libshutdown$$00000007      0x08000212   Section        0  libshutdown2.o(.ARM.Collect$$libshutdown$$00000007)
    .ARM.Collect$$libshutdown$$0000000A      0x08000212   Section        0  libshutdown2.o(.ARM.Collect$$libshutdown$$0000000A)
    .ARM.Collect$$libshutdown$$0000000C      0x08000212   Section        0  libshutdown2.o(.ARM.Collect$$libshutdown$$0000000C)
    .ARM.Collect$$libshutdown$$0000000F      0x08000212   Section        0  libshutdown2.o(.ARM.Collect$$libshutdown$$0000000F)
    .ARM.Collect$$libshutdown$$00000010      0x08000212   Section        2  libshutdown2.o(.ARM.Collect$$libshutdown$$00000010)
    .ARM.Collect$$rtentry$$00000000          0x08000214   Section        0  __rtentry.o(.ARM.Collect$$rtentry$$00000000)
    .ARM.Collect$$rtentry$$00000002          0x08000214   Section        0  __rtentry2.o(.ARM.Collect$$rtentry$$00000002)
    .ARM.Collect$$rtentry$$00000004          0x08000214   Section        6  __rtentry4.o(.ARM.Collect$$rtentry$$00000004)
    .ARM.Collect$$rtentry$$00000009          0x0800021a   Section        0  __rtentry2.o(.ARM.Collect$$rtentry$$00000009)
    .ARM.Collect$$rtentry$$0000000A          0x0800021a   Section        4  __rtentry2.o(.ARM.Collect$$rtentry$$0000000A)
    .ARM.Collect$$rtentry$$0000000C          0x0800021e   Section        0  __rtentry2.o(.ARM.Collect$$rtentry$$0000000C)
    .ARM.Collect$$rtentry$$0000000D          0x0800021e   Section        8  __rtentry2.o(.ARM.Collect$$rtentry$$0000000D)
    .ARM.Collect$$rtexit$$00000000           0x08000226   Section        2  rtexit.o(.ARM.Collect$$rtexit$$00000000)
    .ARM.Collect$$rtexit$$00000002           0x08000228   Section        0  rtexit2.o(.ARM.Collect$$rtexit$$00000002)
    .ARM.Collect$$rtexit$$00000003           0x08000228   Section        4  rtexit2.o(.ARM.Collect$$rtexit$$00000003)
    .ARM.Collect$$rtexit$$00000004           0x0800022c   Section        6  rtexit2.o(.ARM.Collect$$rtexit$$00000004)
    .text                                    0x08000234   Section       64  startup_stm32f10x_md.o(.text)
    .text                                    0x08000274   Section        0  vsprintf.o(.text)
    .text                                    0x08000298   Section      100  rt_memcpy_w.o(.text)
    .text                                    0x080002fc   Section      128  strcmpv7m.o(.text)
    .text                                    0x0800037c   Section        0  localtime.o(.text)
    .text                                    0x08000388   Section        0  mktime.o(.text)
    _tm_carry                                0x08000389   Thumb Code    62  mktime.o(.text)
    .text                                    0x08000534   Section        0  heapauxi.o(.text)
    .text                                    0x0800053a   Section        0  _printf_pad.o(.text)
    .text                                    0x08000588   Section        0  _printf_truncate.o(.text)
    .text                                    0x080005ac   Section        0  _printf_str.o(.text)
    .text                                    0x08000600   Section        0  _printf_dec.o(.text)
    .text                                    0x08000678   Section        0  _printf_charcount.o(.text)
    .text                                    0x080006a0   Section        0  _printf_char_common.o(.text)
    _printf_input_char                       0x080006a1   Thumb Code    10  _printf_char_common.o(.text)
    .text                                    0x080006d0   Section        0  _sputc.o(.text)
    .text                                    0x080006dc   Section        0  _printf_wctomb.o(.text)
    .text                                    0x08000798   Section        0  _printf_longlong_dec.o(.text)
    .text                                    0x08000814   Section        0  _printf_oct_int_ll.o(.text)
    _printf_longlong_oct_internal            0x08000815   Thumb Code     0  _printf_oct_int_ll.o(.text)
    .text                                    0x08000884   Section        0  _printf_hex_int_ll_ptr.o(.text)
    _printf_hex_common                       0x08000885   Thumb Code     0  _printf_hex_int_ll_ptr.o(.text)
    .text                                    0x08000918   Section        0  __printf_flags_ss_wp.o(.text)
    .text                                    0x08000aa0   Section        0  localtime_internal.o(.text)
    .text                                    0x08000b58   Section      138  lludiv10.o(.text)
    .text                                    0x08000be2   Section        0  _printf_intcommon.o(.text)
    .text                                    0x08000c94   Section        0  _printf_fp_dec.o(.text)
    _fp_digits                               0x08000c97   Thumb Code   432  _printf_fp_dec.o(.text)
    .text                                    0x080010b4   Section        0  _printf_fp_hex.o(.text)
    .text                                    0x080013b0   Section        0  _printf_char.o(.text)
    .text                                    0x080013dc   Section        0  _printf_wchar.o(.text)
    .text                                    0x08001408   Section        0  _wcrtomb.o(.text)
    .text                                    0x08001448   Section       78  rt_memclr_w.o(.text)
    .text                                    0x08001498   Section        8  libspace.o(.text)
    .text                                    0x080014a0   Section       74  sys_stackheap_outer.o(.text)
    .text                                    0x080014ec   Section       16  rt_ctype_table.o(.text)
    .text                                    0x080014fc   Section        8  rt_locale_intlibspace.o(.text)
    .text                                    0x08001504   Section        0  _printf_fp_infnan.o(.text)
    .text                                    0x08001584   Section        0  bigflt0.o(.text)
    .text                                    0x08001668   Section        0  exit.o(.text)
    .text                                    0x0800167c   Section        0  sys_exit.o(.text)
    .text                                    0x08001688   Section        2  use_no_semi.o(.text)
    .text                                    0x0800168a   Section        0  indicate_semi.o(.text)
    CL$$btod_d2e                             0x0800168a   Section       62  btod.o(CL$$btod_d2e)
    CL$$btod_d2e_denorm_low                  0x080016c8   Section       70  btod.o(CL$$btod_d2e_denorm_low)
    CL$$btod_d2e_norm_op1                    0x0800170e   Section       96  btod.o(CL$$btod_d2e_norm_op1)
    CL$$btod_div_common                      0x0800176e   Section      824  btod.o(CL$$btod_div_common)
    CL$$btod_e2e                             0x08001aa6   Section      220  btod.o(CL$$btod_e2e)
    CL$$btod_ediv                            0x08001b82   Section       42  btod.o(CL$$btod_ediv)
    CL$$btod_emul                            0x08001bac   Section       42  btod.o(CL$$btod_emul)
    CL$$btod_mult_common                     0x08001bd6   Section      580  btod.o(CL$$btod_mult_common)
    i.BKP_ReadBackupRegister                 0x08001e1c   Section        0  stm32f10x_bkp.o(i.BKP_ReadBackupRegister)
    i.BKP_WriteBackupRegister                0x08001e38   Section        0  stm32f10x_bkp.o(i.BKP_WriteBackupRegister)
    i.BusFault_Handler                       0x08001e54   Section        0  stm32f10x_it.o(i.BusFault_Handler)
    i.DebugMon_Handler                       0x08001e58   Section        0  stm32f10x_it.o(i.DebugMon_Handler)
    i.GPIO_Init                              0x08001e5a   Section        0  stm32f10x_gpio.o(i.GPIO_Init)
    i.GPIO_ReadInputDataBit                  0x08001f70   Section        0  stm32f10x_gpio.o(i.GPIO_ReadInputDataBit)
    i.GPIO_WriteBit                          0x08001f82   Section        0  stm32f10x_gpio.o(i.GPIO_WriteBit)
    i.Get_MenuPage                           0x08001f8c   Section        0  menu.o(i.Get_MenuPage)
    i.HardFault_Handler                      0x08002010   Section        0  stm32f10x_it.o(i.HardFault_Handler)
    i.Key_GetNum                             0x08002014   Section        0  key.o(i.Key_GetNum)
    i.Key_GetState                           0x08002030   Section        0  key.o(i.Key_GetState)
    Key_GetState                             0x08002031   Thumb Code    44  key.o(i.Key_GetState)
    i.Key_Init                               0x08002060   Section        0  key.o(i.Key_Init)
    i.Key_Tick                               0x0800208c   Section        0  key.o(i.Key_Tick)
    i.MemManage_Handler                      0x080020c0   Section        0  stm32f10x_it.o(i.MemManage_Handler)
    i.MenuAPB_Init                           0x080020c4   Section        0  menu.o(i.MenuAPB_Init)
    i.Menu_ShowUI                            0x080020d0   Section        0  menu.o(i.Menu_ShowUI)
    i.MyRTC_Init                             0x08002160   Section        0  myrtc.o(i.MyRTC_Init)
    i.MyRTC_ReadTime                         0x080021d4   Section        0  myrtc.o(i.MyRTC_ReadTime)
    i.MyRTC_SetTime                          0x0800221c   Section        0  myrtc.o(i.MyRTC_SetTime)
    i.NMI_Handler                            0x08002268   Section        0  stm32f10x_it.o(i.NMI_Handler)
    i.NVIC_Init                              0x0800226c   Section        0  misc.o(i.NVIC_Init)
    i.NVIC_PriorityGroupConfig               0x080022dc   Section        0  misc.o(i.NVIC_PriorityGroupConfig)
    i.OLED_Clear                             0x080022f0   Section        0  oled.o(i.OLED_Clear)
    i.OLED_ClearArea                         0x08002318   Section        0  oled.o(i.OLED_ClearArea)
    i.OLED_GPIO_Init                         0x080023a8   Section        0  oled.o(i.OLED_GPIO_Init)
    i.OLED_I2C_SendByte                      0x08002408   Section        0  oled.o(i.OLED_I2C_SendByte)
    i.OLED_I2C_Start                         0x08002446   Section        0  oled.o(i.OLED_I2C_Start)
    i.OLED_I2C_Stop                          0x08002462   Section        0  oled.o(i.OLED_I2C_Stop)
    i.OLED_Init                              0x08002478   Section        0  oled.o(i.OLED_Init)
    i.OLED_Printf                            0x08002512   Section        0  oled.o(i.OLED_Printf)
    i.OLED_ReverseArea                       0x08002544   Section        0  oled.o(i.OLED_ReverseArea)
    i.OLED_SetCursor                         0x080025d4   Section        0  oled.o(i.OLED_SetCursor)
    i.OLED_ShowChar                          0x080025f8   Section        0  oled.o(i.OLED_ShowChar)
    i.OLED_ShowImage                         0x08002670   Section        0  oled.o(i.OLED_ShowImage)
    i.OLED_ShowString                        0x0800276c   Section        0  oled.o(i.OLED_ShowString)
    i.OLED_Update                            0x08002930   Section        0  oled.o(i.OLED_Update)
    i.OLED_W_SCL                             0x08002958   Section        0  oled.o(i.OLED_W_SCL)
    i.OLED_W_SDA                             0x08002970   Section        0  oled.o(i.OLED_W_SDA)
    i.OLED_WriteCommand                      0x08002988   Section        0  oled.o(i.OLED_WriteCommand)
    i.OLED_WriteData                         0x080029a8   Section        0  oled.o(i.OLED_WriteData)
    i.PWR_BackupAccessCmd                    0x080029d8   Section        0  stm32f10x_pwr.o(i.PWR_BackupAccessCmd)
    i.PendSV_Handler                         0x080029e4   Section        0  stm32f10x_it.o(i.PendSV_Handler)
    i.RCC_APB1PeriphClockCmd                 0x080029e8   Section        0  stm32f10x_rcc.o(i.RCC_APB1PeriphClockCmd)
    i.RCC_APB2PeriphClockCmd                 0x08002a08   Section        0  stm32f10x_rcc.o(i.RCC_APB2PeriphClockCmd)
    i.RCC_GetFlagStatus                      0x08002a28   Section        0  stm32f10x_rcc.o(i.RCC_GetFlagStatus)
    i.RCC_LSEConfig                          0x08002a64   Section        0  stm32f10x_rcc.o(i.RCC_LSEConfig)
    i.RCC_RTCCLKCmd                          0x08002a98   Section        0  stm32f10x_rcc.o(i.RCC_RTCCLKCmd)
    i.RCC_RTCCLKConfig                       0x08002aa4   Section        0  stm32f10x_rcc.o(i.RCC_RTCCLKConfig)
    i.RTC_EnterConfigMode                    0x08002ab4   Section        0  stm32f10x_rtc.o(i.RTC_EnterConfigMode)
    i.RTC_ExitConfigMode                     0x08002ac8   Section        0  stm32f10x_rtc.o(i.RTC_ExitConfigMode)
    i.RTC_GetCounter                         0x08002adc   Section        0  stm32f10x_rtc.o(i.RTC_GetCounter)
    i.RTC_SetCounter                         0x08002af0   Section        0  stm32f10x_rtc.o(i.RTC_SetCounter)
    i.RTC_SetPrescaler                       0x08002b0c   Section        0  stm32f10x_rtc.o(i.RTC_SetPrescaler)
    i.RTC_WaitForLastTask                    0x08002b2c   Section        0  stm32f10x_rtc.o(i.RTC_WaitForLastTask)
    i.RTC_WaitForSynchro                     0x08002b40   Section        0  stm32f10x_rtc.o(i.RTC_WaitForSynchro)
    i.SVC_Handler                            0x08002b64   Section        0  stm32f10x_it.o(i.SVC_Handler)
    i.SetSysClock                            0x08002b66   Section        0  system_stm32f10x.o(i.SetSysClock)
    SetSysClock                              0x08002b67   Thumb Code     8  system_stm32f10x.o(i.SetSysClock)
    i.SetSysClockTo72                        0x08002b70   Section        0  system_stm32f10x.o(i.SetSysClockTo72)
    SetSysClockTo72                          0x08002b71   Thumb Code   214  system_stm32f10x.o(i.SetSysClockTo72)
    i.SetTimeFirst_ShowUI                    0x08002c50   Section        0  settime.o(i.SetTimeFirst_ShowUI)
    SetTimeFirst_ShowUI                      0x08002c51   Thumb Code    74  settime.o(i.SetTimeFirst_ShowUI)
    i.SetTimePage                            0x08002cc4   Section        0  settime.o(i.SetTimePage)
    i.SetTimeSec_ShowUI                      0x08002dfc   Section        0  settime.o(i.SetTimeSec_ShowUI)
    SetTimeSec_ShowUI                        0x08002dfd   Thumb Code    58  settime.o(i.SetTimeSec_ShowUI)
    i.SettingPage                            0x08002e60   Section        0  menu.o(i.SettingPage)
    i.Setting_ShowUI                         0x08002f28   Section        0  menu.o(i.Setting_ShowUI)
    i.SysTick_Handler                        0x08002f78   Section        0  stm32f10x_it.o(i.SysTick_Handler)
    i.SystemInit                             0x08002f7c   Section        0  system_stm32f10x.o(i.SystemInit)
    i.TIM2_IRQHandler                        0x08002fdc   Section        0  main.o(i.TIM2_IRQHandler)
    i.TIM_ClearFlag                          0x08002ff8   Section        0  stm32f10x_tim.o(i.TIM_ClearFlag)
    i.TIM_ClearITPendingBit                  0x08002ffe   Section        0  stm32f10x_tim.o(i.TIM_ClearITPendingBit)
    i.TIM_Cmd                                0x08003004   Section        0  stm32f10x_tim.o(i.TIM_Cmd)
    i.TIM_GetITStatus                        0x0800301c   Section        0  stm32f10x_tim.o(i.TIM_GetITStatus)
    i.TIM_ITConfig                           0x0800303e   Section        0  stm32f10x_tim.o(i.TIM_ITConfig)
    i.TIM_InternalClockConfig                0x08003050   Section        0  stm32f10x_tim.o(i.TIM_InternalClockConfig)
    i.TIM_TimeBaseInit                       0x0800305c   Section        0  stm32f10x_tim.o(i.TIM_TimeBaseInit)
    i.Timer_Init                             0x08003100   Section        0  timer.o(i.Timer_Init)
    i.UsageFault_Handler                     0x0800317a   Section        0  stm32f10x_it.o(i.UsageFault_Handler)
    i.__ARM_fpclassify                       0x0800317e   Section        0  fpclassify.o(i.__ARM_fpclassify)
    i._is_digit                              0x080031a6   Section        0  __printf_wp.o(i._is_digit)
    i.main                                   0x080031b4   Section        0  main.o(i.main)
    locale$$code                             0x080031f0   Section       44  lc_numeric_c.o(locale$$code)
    locale$$code                             0x0800321c   Section       44  lc_ctype_c.o(locale$$code)
    x$fpl$printf1                            0x08003248   Section        4  printf1.o(x$fpl$printf1)
    x$fpl$printf2                            0x0800324c   Section        4  printf2.o(x$fpl$printf2)
    .constdata                               0x08003250   Section     6277  oled_data.o(.constdata)
    x$fpl$usenofp                            0x08003250   Section        0  usenofp.o(x$fpl$usenofp)
    .constdata                               0x08004ad8   Section        8  _printf_wctomb.o(.constdata)
    initial_mbstate                          0x08004ad8   Data           8  _printf_wctomb.o(.constdata)
    .constdata                               0x08004ae0   Section       40  _printf_hex_int_ll_ptr.o(.constdata)
    uc_hextab                                0x08004ae0   Data          20  _printf_hex_int_ll_ptr.o(.constdata)
    lc_hextab                                0x08004af4   Data          20  _printf_hex_int_ll_ptr.o(.constdata)
    .constdata                               0x08004b08   Section       17  __printf_flags_ss_wp.o(.constdata)
    maptable                                 0x08004b08   Data          17  __printf_flags_ss_wp.o(.constdata)
    .constdata                               0x08004b19   Section       12  _monlen.o(.constdata)
    .constdata                               0x08004b25   Section       38  _printf_fp_hex.o(.constdata)
    lc_hextab                                0x08004b25   Data          19  _printf_fp_hex.o(.constdata)
    uc_hextab                                0x08004b38   Data          19  _printf_fp_hex.o(.constdata)
    .constdata                               0x08004b4c   Section      148  bigflt0.o(.constdata)
    tenpwrs_x                                0x08004b4c   Data          60  bigflt0.o(.constdata)
    tenpwrs_i                                0x08004b88   Data          64  bigflt0.o(.constdata)
    locale$$data                             0x08004c00   Section       28  lc_numeric_c.o(locale$$data)
    __lcnum_c_name                           0x08004c04   Data           2  lc_numeric_c.o(locale$$data)
    __lcnum_c_start                          0x08004c0c   Data           0  lc_numeric_c.o(locale$$data)
    __lcnum_c_point                          0x08004c18   Data           0  lc_numeric_c.o(locale$$data)
    __lcnum_c_thousands                      0x08004c1a   Data           0  lc_numeric_c.o(locale$$data)
    __lcnum_c_grouping                       0x08004c1b   Data           0  lc_numeric_c.o(locale$$data)
    locale$$data                             0x08004c1c   Section      272  lc_ctype_c.o(locale$$data)
    __lcnum_c_end                            0x08004c1c   Data           0  lc_numeric_c.o(locale$$data)
    __lcctype_c_name                         0x08004c20   Data           2  lc_ctype_c.o(locale$$data)
    __lcctype_c_start                        0x08004c28   Data           0  lc_ctype_c.o(locale$$data)
    __lcctype_c_end                          0x08004d2c   Data           0  lc_ctype_c.o(locale$$data)
    .data                                    0x20000000   Section       12  myrtc.o(.data)
    .data                                    0x2000000c   Section        3  key.o(.data)
    PreState                                 0x2000000d   Data           1  key.o(.data)
    CurState                                 0x2000000e   Data           1  key.o(.data)
    .data                                    0x2000000f   Section        4  menu.o(.data)
    .data                                    0x20000013   Section        1  settime.o(.data)
    .data                                    0x20000014   Section        1  main.o(.data)
    .bss                                     0x20000018   Section     1024  oled.o(.bss)
    .bss                                     0x20000418   Section       44  localtime.o(.bss)
    _tms                                     0x20000418   Data          44  localtime.o(.bss)
    .bss                                     0x20000444   Section       96  libspace.o(.bss)
    HEAP                                     0x200004a8   Section      512  startup_stm32f10x_md.o(HEAP)
    Heap_Mem                                 0x200004a8   Data         512  startup_stm32f10x_md.o(HEAP)
    STACK                                    0x200006a8   Section     1024  startup_stm32f10x_md.o(STACK)
    Stack_Mem                                0x200006a8   Data        1024  startup_stm32f10x_md.o(STACK)
    __initial_sp                             0x20000aa8   Data           0  startup_stm32f10x_md.o(STACK)

    Global Symbols

    Symbol Name                              Value     Ov Type        Size  Object(Section)

    BuildAttributes$$THM_ISAv4$P$D$K$B$S$PE$A:L22UL41UL21$X:L11$S22US41US21$IEEE1$IW$USESV6$~STKCKD$USESV7$~SHL$OTIME$ROPI$IEEEX$EBA8$UX$STANDARDLIB$REQ8$PRES8$EABIv2 0x00000000   Number         0  anon$$obj.o ABSOLUTE
    __ARM_use_no_argv                        0x00000000   Number         0  main.o ABSOLUTE
    _printf_flags                            0x00000000   Number         0  printf_stubs.o ABSOLUTE
    _printf_return_value                     0x00000000   Number         0  printf_stubs.o ABSOLUTE
    _printf_sizespec                         0x00000000   Number         0  printf_stubs.o ABSOLUTE
    _printf_widthprec                        0x00000000   Number         0  printf_stubs.o ABSOLUTE
    __ARM_exceptions_init                     - Undefined Weak Reference
    __alloca_initialize                       - Undefined Weak Reference
    __arm_preinit_                            - Undefined Weak Reference
    __cpp_initialize__aeabi_                  - Undefined Weak Reference
    __cxa_finalize                            - Undefined Weak Reference
    __sigvec_lookup                           - Undefined Weak Reference
    _atexit_init                              - Undefined Weak Reference
    _call_atexit_fns                          - Undefined Weak Reference
    _clock_init                               - Undefined Weak Reference
    _fp_trap_init                             - Undefined Weak Reference
    _fp_trap_shutdown                         - Undefined Weak Reference
    _get_lc_collate                           - Undefined Weak Reference
    _get_lc_monetary                          - Undefined Weak Reference
    _get_lc_time                              - Undefined Weak Reference
    _getenv_init                              - Undefined Weak Reference
    _handle_redirection                       - Undefined Weak Reference
    _init_alloc                               - Undefined Weak Reference
    _init_user_alloc                          - Undefined Weak Reference
    _initio                                   - Undefined Weak Reference
    _printf_mbtowc                            - Undefined Weak Reference
    _printf_wc                                - Undefined Weak Reference
    _rand_init                                - Undefined Weak Reference
    _signal_finish                            - Undefined Weak Reference
    _signal_init                              - Undefined Weak Reference
    _terminate_alloc                          - Undefined Weak Reference
    _terminate_user_alloc                     - Undefined Weak Reference
    _terminateio                              - Undefined Weak Reference
    __Vectors_Size                           0x000000ec   Number         0  startup_stm32f10x_md.o ABSOLUTE
    __Vectors                                0x08000000   Data           4  startup_stm32f10x_md.o(RESET)
    __Vectors_End                            0x080000ec   Data           0  startup_stm32f10x_md.o(RESET)
    __main                                   0x080000ed   Thumb Code     8  __main.o(!!!main)
    __scatterload                            0x080000f5   Thumb Code     0  __scatter.o(!!!scatter)
    __scatterload_rt2                        0x080000f5   Thumb Code    44  __scatter.o(!!!scatter)
    __scatterload_rt2_thumb_only             0x080000f5   Thumb Code     0  __scatter.o(!!!scatter)
    __scatterload_null                       0x08000103   Thumb Code     0  __scatter.o(!!!scatter)
    __scatterload_copy                       0x08000129   Thumb Code    26  __scatter_copy.o(!!handler_copy)
    __scatterload_zeroinit                   0x08000145   Thumb Code    28  __scatter_zi.o(!!handler_zi)
    _printf_n                                0x08000161   Thumb Code     0  _printf_n.o(.ARM.Collect$$_printf_percent$$00000001)
    _printf_percent                          0x08000161   Thumb Code     0  _printf_percent.o(.ARM.Collect$$_printf_percent$$00000000)
    _printf_p                                0x08000167   Thumb Code     0  _printf_p.o(.ARM.Collect$$_printf_percent$$00000002)
    _printf_f                                0x0800016d   Thumb Code     0  _printf_f.o(.ARM.Collect$$_printf_percent$$00000003)
    _printf_e                                0x08000173   Thumb Code     0  _printf_e.o(.ARM.Collect$$_printf_percent$$00000004)
    _printf_g                                0x08000179   Thumb Code     0  _printf_g.o(.ARM.Collect$$_printf_percent$$00000005)
    _printf_a                                0x0800017f   Thumb Code     0  _printf_a.o(.ARM.Collect$$_printf_percent$$00000006)
    _printf_ll                               0x08000185   Thumb Code     0  _printf_ll.o(.ARM.Collect$$_printf_percent$$00000007)
    _printf_i                                0x0800018f   Thumb Code     0  _printf_i.o(.ARM.Collect$$_printf_percent$$00000008)
    _printf_d                                0x08000195   Thumb Code     0  _printf_d.o(.ARM.Collect$$_printf_percent$$00000009)
    _printf_u                                0x0800019b   Thumb Code     0  _printf_u.o(.ARM.Collect$$_printf_percent$$0000000A)
    _printf_o                                0x080001a1   Thumb Code     0  _printf_o.o(.ARM.Collect$$_printf_percent$$0000000B)
    _printf_x                                0x080001a7   Thumb Code     0  _printf_x.o(.ARM.Collect$$_printf_percent$$0000000C)
    _printf_lli                              0x080001ad   Thumb Code     0  _printf_lli.o(.ARM.Collect$$_printf_percent$$0000000D)
    _printf_lld                              0x080001b3   Thumb Code     0  _printf_lld.o(.ARM.Collect$$_printf_percent$$0000000E)
    _printf_llu                              0x080001b9   Thumb Code     0  _printf_llu.o(.ARM.Collect$$_printf_percent$$0000000F)
    _printf_llo                              0x080001bf   Thumb Code     0  _printf_llo.o(.ARM.Collect$$_printf_percent$$00000010)
    _printf_llx                              0x080001c5   Thumb Code     0  _printf_llx.o(.ARM.Collect$$_printf_percent$$00000011)
    _printf_l                                0x080001cb   Thumb Code     0  _printf_l.o(.ARM.Collect$$_printf_percent$$00000012)
    _printf_c                                0x080001d5   Thumb Code     0  _printf_c.o(.ARM.Collect$$_printf_percent$$00000013)
    _printf_s                                0x080001db   Thumb Code     0  _printf_s.o(.ARM.Collect$$_printf_percent$$00000014)
    _printf_lc                               0x080001e1   Thumb Code     0  _printf_lc.o(.ARM.Collect$$_printf_percent$$00000015)
    _printf_ls                               0x080001e7   Thumb Code     0  _printf_ls.o(.ARM.Collect$$_printf_percent$$00000016)
    _printf_percent_end                      0x080001ed   Thumb Code     0  _printf_percent_end.o(.ARM.Collect$$_printf_percent$$00000017)
    __rt_lib_init                            0x080001f1   Thumb Code     0  libinit.o(.ARM.Collect$$libinit$$00000000)
    __rt_lib_init_fp_1                       0x080001f3   Thumb Code     0  libinit2.o(.ARM.Collect$$libinit$$00000002)
    __rt_lib_init_heap_1                     0x080001f3   Thumb Code     0  libinit2.o(.ARM.Collect$$libinit$$0000000A)
    __rt_lib_init_lc_common                  0x080001f3   Thumb Code     0  libinit2.o(.ARM.Collect$$libinit$$0000000F)
    __rt_lib_init_preinit_1                  0x080001f3   Thumb Code     0  libinit2.o(.ARM.Collect$$libinit$$00000004)
    __rt_lib_init_rand_1                     0x080001f3   Thumb Code     0  libinit2.o(.ARM.Collect$$libinit$$0000000E)
    __rt_lib_init_user_alloc_1               0x080001f3   Thumb Code     0  libinit2.o(.ARM.Collect$$libinit$$0000000C)
    __rt_lib_init_lc_collate_1               0x080001f9   Thumb Code     0  libinit2.o(.ARM.Collect$$libinit$$00000011)
    __rt_lib_init_lc_ctype_2                 0x080001f9   Thumb Code     0  libinit2.o(.ARM.Collect$$libinit$$00000012)
    __rt_lib_init_lc_ctype_1                 0x08000205   Thumb Code     0  libinit2.o(.ARM.Collect$$libinit$$00000013)
    __rt_lib_init_lc_monetary_1              0x08000205   Thumb Code     0  libinit2.o(.ARM.Collect$$libinit$$00000015)
    __rt_lib_init_lc_numeric_2               0x08000205   Thumb Code     0  libinit2.o(.ARM.Collect$$libinit$$00000016)
    __rt_lib_init_alloca_1                   0x0800020f   Thumb Code     0  libinit2.o(.ARM.Collect$$libinit$$0000002E)
    __rt_lib_init_argv_1                     0x0800020f   Thumb Code     0  libinit2.o(.ARM.Collect$$libinit$$0000002C)
    __rt_lib_init_atexit_1                   0x0800020f   Thumb Code     0  libinit2.o(.ARM.Collect$$libinit$$0000001B)
    __rt_lib_init_clock_1                    0x0800020f   Thumb Code     0  libinit2.o(.ARM.Collect$$libinit$$00000021)
    __rt_lib_init_cpp_1                      0x0800020f   Thumb Code     0  libinit2.o(.ARM.Collect$$libinit$$00000032)
    __rt_lib_init_exceptions_1               0x0800020f   Thumb Code     0  libinit2.o(.ARM.Collect$$libinit$$00000030)
    __rt_lib_init_fp_trap_1                  0x0800020f   Thumb Code     0  libinit2.o(.ARM.Collect$$libinit$$0000001F)
    __rt_lib_init_getenv_1                   0x0800020f   Thumb Code     0  libinit2.o(.ARM.Collect$$libinit$$00000023)
    __rt_lib_init_lc_numeric_1               0x0800020f   Thumb Code     0  libinit2.o(.ARM.Collect$$libinit$$00000017)
    __rt_lib_init_lc_time_1                  0x0800020f   Thumb Code     0  libinit2.o(.ARM.Collect$$libinit$$00000019)
    __rt_lib_init_return                     0x0800020f   Thumb Code     0  libinit2.o(.ARM.Collect$$libinit$$00000033)
    __rt_lib_init_signal_1                   0x0800020f   Thumb Code     0  libinit2.o(.ARM.Collect$$libinit$$0000001D)
    __rt_lib_init_stdio_1                    0x0800020f   Thumb Code     0  libinit2.o(.ARM.Collect$$libinit$$00000025)
    __rt_lib_shutdown                        0x08000211   Thumb Code     0  libshutdown.o(.ARM.Collect$$libshutdown$$00000000)
    __rt_lib_shutdown_cpp_1                  0x08000213   Thumb Code     0  libshutdown2.o(.ARM.Collect$$libshutdown$$00000002)
    __rt_lib_shutdown_fp_trap_1              0x08000213   Thumb Code     0  libshutdown2.o(.ARM.Collect$$libshutdown$$00000007)
    __rt_lib_shutdown_heap_1                 0x08000213   Thumb Code     0  libshutdown2.o(.ARM.Collect$$libshutdown$$0000000F)
    __rt_lib_shutdown_return                 0x08000213   Thumb Code     0  libshutdown2.o(.ARM.Collect$$libshutdown$$00000010)
    __rt_lib_shutdown_signal_1               0x08000213   Thumb Code     0  libshutdown2.o(.ARM.Collect$$libshutdown$$0000000A)
    __rt_lib_shutdown_stdio_1                0x08000213   Thumb Code     0  libshutdown2.o(.ARM.Collect$$libshutdown$$00000004)
    __rt_lib_shutdown_user_alloc_1           0x08000213   Thumb Code     0  libshutdown2.o(.ARM.Collect$$libshutdown$$0000000C)
    __rt_entry                               0x08000215   Thumb Code     0  __rtentry.o(.ARM.Collect$$rtentry$$00000000)
    __rt_entry_presh_1                       0x08000215   Thumb Code     0  __rtentry2.o(.ARM.Collect$$rtentry$$00000002)
    __rt_entry_sh                            0x08000215   Thumb Code     0  __rtentry4.o(.ARM.Collect$$rtentry$$00000004)
    __rt_entry_li                            0x0800021b   Thumb Code     0  __rtentry2.o(.ARM.Collect$$rtentry$$0000000A)
    __rt_entry_postsh_1                      0x0800021b   Thumb Code     0  __rtentry2.o(.ARM.Collect$$rtentry$$00000009)
    __rt_entry_main                          0x0800021f   Thumb Code     0  __rtentry2.o(.ARM.Collect$$rtentry$$0000000D)
    __rt_entry_postli_1                      0x0800021f   Thumb Code     0  __rtentry2.o(.ARM.Collect$$rtentry$$0000000C)
    __rt_exit                                0x08000227   Thumb Code     0  rtexit.o(.ARM.Collect$$rtexit$$00000000)
    __rt_exit_ls                             0x08000229   Thumb Code     0  rtexit2.o(.ARM.Collect$$rtexit$$00000003)
    __rt_exit_prels_1                        0x08000229   Thumb Code     0  rtexit2.o(.ARM.Collect$$rtexit$$00000002)
    __rt_exit_exit                           0x0800022d   Thumb Code     0  rtexit2.o(.ARM.Collect$$rtexit$$00000004)
    Reset_Handler                            0x08000235   Thumb Code     8  startup_stm32f10x_md.o(.text)
    ADC1_2_IRQHandler                        0x0800024f   Thumb Code     0  startup_stm32f10x_md.o(.text)
    CAN1_RX1_IRQHandler                      0x0800024f   Thumb Code     0  startup_stm32f10x_md.o(.text)
    CAN1_SCE_IRQHandler                      0x0800024f   Thumb Code     0  startup_stm32f10x_md.o(.text)
    DMA1_Channel1_IRQHandler                 0x0800024f   Thumb Code     0  startup_stm32f10x_md.o(.text)
    DMA1_Channel2_IRQHandler                 0x0800024f   Thumb Code     0  startup_stm32f10x_md.o(.text)
    DMA1_Channel3_IRQHandler                 0x0800024f   Thumb Code     0  startup_stm32f10x_md.o(.text)
    DMA1_Channel4_IRQHandler                 0x0800024f   Thumb Code     0  startup_stm32f10x_md.o(.text)
    DMA1_Channel5_IRQHandler                 0x0800024f   Thumb Code     0  startup_stm32f10x_md.o(.text)
    DMA1_Channel6_IRQHandler                 0x0800024f   Thumb Code     0  startup_stm32f10x_md.o(.text)
    DMA1_Channel7_IRQHandler                 0x0800024f   Thumb Code     0  startup_stm32f10x_md.o(.text)
    EXTI0_IRQHandler                         0x0800024f   Thumb Code     0  startup_stm32f10x_md.o(.text)
    EXTI15_10_IRQHandler                     0x0800024f   Thumb Code     0  startup_stm32f10x_md.o(.text)
    EXTI1_IRQHandler                         0x0800024f   Thumb Code     0  startup_stm32f10x_md.o(.text)
    EXTI2_IRQHandler                         0x0800024f   Thumb Code     0  startup_stm32f10x_md.o(.text)
    EXTI3_IRQHandler                         0x0800024f   Thumb Code     0  startup_stm32f10x_md.o(.text)
    EXTI4_IRQHandler                         0x0800024f   Thumb Code     0  startup_stm32f10x_md.o(.text)
    EXTI9_5_IRQHandler                       0x0800024f   Thumb Code     0  startup_stm32f10x_md.o(.text)
    FLASH_IRQHandler                         0x0800024f   Thumb Code     0  startup_stm32f10x_md.o(.text)
    I2C1_ER_IRQHandler                       0x0800024f   Thumb Code     0  startup_stm32f10x_md.o(.text)
    I2C1_EV_IRQHandler                       0x0800024f   Thumb Code     0  startup_stm32f10x_md.o(.text)
    I2C2_ER_IRQHandler                       0x0800024f   Thumb Code     0  startup_stm32f10x_md.o(.text)
    I2C2_EV_IRQHandler                       0x0800024f   Thumb Code     0  startup_stm32f10x_md.o(.text)
    PVD_IRQHandler                           0x0800024f   Thumb Code     0  startup_stm32f10x_md.o(.text)
    RCC_IRQHandler                           0x0800024f   Thumb Code     0  startup_stm32f10x_md.o(.text)
    RTCAlarm_IRQHandler                      0x0800024f   Thumb Code     0  startup_stm32f10x_md.o(.text)
    RTC_IRQHandler                           0x0800024f   Thumb Code     0  startup_stm32f10x_md.o(.text)
    SPI1_IRQHandler                          0x0800024f   Thumb Code     0  startup_stm32f10x_md.o(.text)
    SPI2_IRQHandler                          0x0800024f   Thumb Code     0  startup_stm32f10x_md.o(.text)
    TAMPER_IRQHandler                        0x0800024f   Thumb Code     0  startup_stm32f10x_md.o(.text)
    TIM1_BRK_IRQHandler                      0x0800024f   Thumb Code     0  startup_stm32f10x_md.o(.text)
    TIM1_CC_IRQHandler                       0x0800024f   Thumb Code     0  startup_stm32f10x_md.o(.text)
    TIM1_TRG_COM_IRQHandler                  0x0800024f   Thumb Code     0  startup_stm32f10x_md.o(.text)
    TIM1_UP_IRQHandler                       0x0800024f   Thumb Code     0  startup_stm32f10x_md.o(.text)
    TIM3_IRQHandler                          0x0800024f   Thumb Code     0  startup_stm32f10x_md.o(.text)
    TIM4_IRQHandler                          0x0800024f   Thumb Code     0  startup_stm32f10x_md.o(.text)
    USART1_IRQHandler                        0x0800024f   Thumb Code     0  startup_stm32f10x_md.o(.text)
    USART2_IRQHandler                        0x0800024f   Thumb Code     0  startup_stm32f10x_md.o(.text)
    USART3_IRQHandler                        0x0800024f   Thumb Code     0  startup_stm32f10x_md.o(.text)
    USBWakeUp_IRQHandler                     0x0800024f   Thumb Code     0  startup_stm32f10x_md.o(.text)
    USB_HP_CAN1_TX_IRQHandler                0x0800024f   Thumb Code     0  startup_stm32f10x_md.o(.text)
    USB_LP_CAN1_RX0_IRQHandler               0x0800024f   Thumb Code     0  startup_stm32f10x_md.o(.text)
    WWDG_IRQHandler                          0x0800024f   Thumb Code     0  startup_stm32f10x_md.o(.text)
    __user_initial_stackheap                 0x08000251   Thumb Code     0  startup_stm32f10x_md.o(.text)
    vsprintf                                 0x08000275   Thumb Code    32  vsprintf.o(.text)
    __aeabi_memcpy4                          0x08000299   Thumb Code     0  rt_memcpy_w.o(.text)
    __aeabi_memcpy8                          0x08000299   Thumb Code     0  rt_memcpy_w.o(.text)
    __rt_memcpy_w                            0x08000299   Thumb Code   100  rt_memcpy_w.o(.text)
    _memcpy_lastbytes_aligned                0x080002e1   Thumb Code     0  rt_memcpy_w.o(.text)
    strcmp                                   0x080002fd   Thumb Code   128  strcmpv7m.o(.text)
    localtime                                0x0800037d   Thumb Code     6  localtime.o(.text)
    mktime                                   0x080003c7   Thumb Code   356  mktime.o(.text)
    __use_two_region_memory                  0x08000535   Thumb Code     2  heapauxi.o(.text)
    __rt_heap_escrow$2region                 0x08000537   Thumb Code     2  heapauxi.o(.text)
    __rt_heap_expand$2region                 0x08000539   Thumb Code     2  heapauxi.o(.text)
    _printf_pre_padding                      0x0800053b   Thumb Code    44  _printf_pad.o(.text)
    _printf_post_padding                     0x08000567   Thumb Code    34  _printf_pad.o(.text)
    _printf_truncate_signed                  0x08000589   Thumb Code    18  _printf_truncate.o(.text)
    _printf_truncate_unsigned                0x0800059b   Thumb Code    18  _printf_truncate.o(.text)
    _printf_str                              0x080005ad   Thumb Code    82  _printf_str.o(.text)
    _printf_int_dec                          0x08000601   Thumb Code   104  _printf_dec.o(.text)
    _printf_charcount                        0x08000679   Thumb Code    40  _printf_charcount.o(.text)
    _printf_char_common                      0x080006ab   Thumb Code    32  _printf_char_common.o(.text)
    _sputc                                   0x080006d1   Thumb Code    10  _sputc.o(.text)
    _printf_wctomb                           0x080006dd   Thumb Code   182  _printf_wctomb.o(.text)
    _printf_longlong_dec                     0x08000799   Thumb Code   108  _printf_longlong_dec.o(.text)
    _printf_longlong_oct                     0x08000815   Thumb Code    66  _printf_oct_int_ll.o(.text)
    _printf_int_oct                          0x08000857   Thumb Code    24  _printf_oct_int_ll.o(.text)
    _printf_ll_oct                           0x0800086f   Thumb Code    12  _printf_oct_int_ll.o(.text)
    _printf_longlong_hex                     0x08000885   Thumb Code    86  _printf_hex_int_ll_ptr.o(.text)
    _printf_int_hex                          0x080008db   Thumb Code    28  _printf_hex_int_ll_ptr.o(.text)
    _printf_ll_hex                           0x080008f7   Thumb Code    12  _printf_hex_int_ll_ptr.o(.text)
    _printf_hex_ptr                          0x08000903   Thumb Code    18  _printf_hex_int_ll_ptr.o(.text)
    __printf                                 0x08000919   Thumb Code   388  __printf_flags_ss_wp.o(.text)
    _localtime_r                             0x08000aa1   Thumb Code   178  localtime_internal.o(.text)
    _n$localtime_r                           0x08000aa1   Thumb Code     0  localtime_internal.o(.text)
    _ll_udiv10                               0x08000b59   Thumb Code   138  lludiv10.o(.text)
    _printf_int_common                       0x08000be3   Thumb Code   178  _printf_intcommon.o(.text)
    __lib_sel_fp_printf                      0x08000c95   Thumb Code     2  _printf_fp_dec.o(.text)
    _printf_fp_dec_real                      0x08000e47   Thumb Code   620  _printf_fp_dec.o(.text)
    _printf_fp_hex_real                      0x080010b5   Thumb Code   756  _printf_fp_hex.o(.text)
    _printf_cs_common                        0x080013b1   Thumb Code    20  _printf_char.o(.text)
    _printf_char                             0x080013c5   Thumb Code    16  _printf_char.o(.text)
    _printf_string                           0x080013d5   Thumb Code     8  _printf_char.o(.text)
    _printf_lcs_common                       0x080013dd   Thumb Code    20  _printf_wchar.o(.text)
    _printf_wchar                            0x080013f1   Thumb Code    16  _printf_wchar.o(.text)
    _printf_wstring                          0x08001401   Thumb Code     8  _printf_wchar.o(.text)
    _wcrtomb                                 0x08001409   Thumb Code    64  _wcrtomb.o(.text)
    __aeabi_memclr4                          0x08001449   Thumb Code     0  rt_memclr_w.o(.text)
    __aeabi_memclr8                          0x08001449   Thumb Code     0  rt_memclr_w.o(.text)
    __rt_memclr_w                            0x08001449   Thumb Code    78  rt_memclr_w.o(.text)
    _memset_w                                0x0800144d   Thumb Code     0  rt_memclr_w.o(.text)
    __user_libspace                          0x08001499   Thumb Code     8  libspace.o(.text)
    __user_perproc_libspace                  0x08001499   Thumb Code     0  libspace.o(.text)
    __user_perthread_libspace                0x08001499   Thumb Code     0  libspace.o(.text)
    __user_setup_stackheap                   0x080014a1   Thumb Code    74  sys_stackheap_outer.o(.text)
    __rt_ctype_table                         0x080014ed   Thumb Code    16  rt_ctype_table.o(.text)
    __rt_locale                              0x080014fd   Thumb Code     8  rt_locale_intlibspace.o(.text)
    _printf_fp_infnan                        0x08001505   Thumb Code   112  _printf_fp_infnan.o(.text)
    _btod_etento                             0x08001585   Thumb Code   224  bigflt0.o(.text)
    exit                                     0x08001669   Thumb Code    18  exit.o(.text)
    _sys_exit                                0x0800167d   Thumb Code     8  sys_exit.o(.text)
    __I$use$semihosting                      0x08001689   Thumb Code     0  use_no_semi.o(.text)
    __use_no_semihosting_swi                 0x08001689   Thumb Code     2  use_no_semi.o(.text)
    __semihosting_library_function           0x0800168b   Thumb Code     0  indicate_semi.o(.text)
    _btod_d2e                                0x0800168b   Thumb Code    62  btod.o(CL$$btod_d2e)
    _d2e_denorm_low                          0x080016c9   Thumb Code    70  btod.o(CL$$btod_d2e_denorm_low)
    _d2e_norm_op1                            0x0800170f   Thumb Code    96  btod.o(CL$$btod_d2e_norm_op1)
    __btod_div_common                        0x0800176f   Thumb Code   696  btod.o(CL$$btod_div_common)
    _e2e                                     0x08001aa7   Thumb Code   220  btod.o(CL$$btod_e2e)
    _btod_ediv                               0x08001b83   Thumb Code    42  btod.o(CL$$btod_ediv)
    _btod_emul                               0x08001bad   Thumb Code    42  btod.o(CL$$btod_emul)
    __btod_mult_common                       0x08001bd7   Thumb Code   580  btod.o(CL$$btod_mult_common)
    BKP_ReadBackupRegister                   0x08001e1d   Thumb Code    24  stm32f10x_bkp.o(i.BKP_ReadBackupRegister)
    BKP_WriteBackupRegister                  0x08001e39   Thumb Code    22  stm32f10x_bkp.o(i.BKP_WriteBackupRegister)
    BusFault_Handler                         0x08001e55   Thumb Code     4  stm32f10x_it.o(i.BusFault_Handler)
    DebugMon_Handler                         0x08001e59   Thumb Code     2  stm32f10x_it.o(i.DebugMon_Handler)
    GPIO_Init                                0x08001e5b   Thumb Code   278  stm32f10x_gpio.o(i.GPIO_Init)
    GPIO_ReadInputDataBit                    0x08001f71   Thumb Code    18  stm32f10x_gpio.o(i.GPIO_ReadInputDataBit)
    GPIO_WriteBit                            0x08001f83   Thumb Code    10  stm32f10x_gpio.o(i.GPIO_WriteBit)
    Get_MenuPage                             0x08001f8d   Thumb Code   124  menu.o(i.Get_MenuPage)
    HardFault_Handler                        0x08002011   Thumb Code     4  stm32f10x_it.o(i.HardFault_Handler)
    Key_GetNum                               0x08002015   Thumb Code    24  key.o(i.Key_GetNum)
    Key_Init                                 0x08002061   Thumb Code    38  key.o(i.Key_Init)
    Key_Tick                                 0x0800208d   Thumb Code    40  key.o(i.Key_Tick)
    MemManage_Handler                        0x080020c1   Thumb Code     4  stm32f10x_it.o(i.MemManage_Handler)
    MenuAPB_Init                             0x080020c5   Thumb Code    12  menu.o(i.MenuAPB_Init)
    Menu_ShowUI                              0x080020d1   Thumb Code    92  menu.o(i.Menu_ShowUI)
    MyRTC_Init                               0x08002161   Thumb Code   114  myrtc.o(i.MyRTC_Init)
    MyRTC_ReadTime                           0x080021d5   Thumb Code    68  myrtc.o(i.MyRTC_ReadTime)
    MyRTC_SetTime                            0x0800221d   Thumb Code    70  myrtc.o(i.MyRTC_SetTime)
    NMI_Handler                              0x08002269   Thumb Code     2  stm32f10x_it.o(i.NMI_Handler)
    NVIC_Init                                0x0800226d   Thumb Code   100  misc.o(i.NVIC_Init)
    NVIC_PriorityGroupConfig                 0x080022dd   Thumb Code    10  misc.o(i.NVIC_PriorityGroupConfig)
    OLED_Clear                               0x080022f1   Thumb Code    36  oled.o(i.OLED_Clear)
    OLED_ClearArea                           0x08002319   Thumb Code   140  oled.o(i.OLED_ClearArea)
    OLED_GPIO_Init                           0x080023a9   Thumb Code    92  oled.o(i.OLED_GPIO_Init)
    OLED_I2C_SendByte                        0x08002409   Thumb Code    62  oled.o(i.OLED_I2C_SendByte)
    OLED_I2C_Start                           0x08002447   Thumb Code    28  oled.o(i.OLED_I2C_Start)
    OLED_I2C_Stop                            0x08002463   Thumb Code    22  oled.o(i.OLED_I2C_Stop)
    OLED_Init                                0x08002479   Thumb Code   154  oled.o(i.OLED_Init)
    OLED_Printf                              0x08002513   Thumb Code    50  oled.o(i.OLED_Printf)
    OLED_ReverseArea                         0x08002545   Thumb Code   140  oled.o(i.OLED_ReverseArea)
    OLED_SetCursor                           0x080025d5   Thumb Code    34  oled.o(i.OLED_SetCursor)
    OLED_ShowChar                            0x080025f9   Thumb Code   108  oled.o(i.OLED_ShowChar)
    OLED_ShowImage                           0x08002671   Thumb Code   248  oled.o(i.OLED_ShowImage)
    OLED_ShowString                          0x0800276d   Thumb Code   442  oled.o(i.OLED_ShowString)
    OLED_Update                              0x08002931   Thumb Code    36  oled.o(i.OLED_Update)
    OLED_W_SCL                               0x08002959   Thumb Code    18  oled.o(i.OLED_W_SCL)
    OLED_W_SDA                               0x08002971   Thumb Code    18  oled.o(i.OLED_W_SDA)
    OLED_WriteCommand                        0x08002989   Thumb Code    32  oled.o(i.OLED_WriteCommand)
    OLED_WriteData                           0x080029a9   Thumb Code    46  oled.o(i.OLED_WriteData)
    PWR_BackupAccessCmd                      0x080029d9   Thumb Code     6  stm32f10x_pwr.o(i.PWR_BackupAccessCmd)
    PendSV_Handler                           0x080029e5   Thumb Code     2  stm32f10x_it.o(i.PendSV_Handler)
    RCC_APB1PeriphClockCmd                   0x080029e9   Thumb Code    26  stm32f10x_rcc.o(i.RCC_APB1PeriphClockCmd)
    RCC_APB2PeriphClockCmd                   0x08002a09   Thumb Code    26  stm32f10x_rcc.o(i.RCC_APB2PeriphClockCmd)
    RCC_GetFlagStatus                        0x08002a29   Thumb Code    56  stm32f10x_rcc.o(i.RCC_GetFlagStatus)
    RCC_LSEConfig                            0x08002a65   Thumb Code    46  stm32f10x_rcc.o(i.RCC_LSEConfig)
    RCC_RTCCLKCmd                            0x08002a99   Thumb Code     6  stm32f10x_rcc.o(i.RCC_RTCCLKCmd)
    RCC_RTCCLKConfig                         0x08002aa5   Thumb Code    12  stm32f10x_rcc.o(i.RCC_RTCCLKConfig)
    RTC_EnterConfigMode                      0x08002ab5   Thumb Code    14  stm32f10x_rtc.o(i.RTC_EnterConfigMode)
    RTC_ExitConfigMode                       0x08002ac9   Thumb Code    16  stm32f10x_rtc.o(i.RTC_ExitConfigMode)
    RTC_GetCounter                           0x08002add   Thumb Code    16  stm32f10x_rtc.o(i.RTC_GetCounter)
    RTC_SetCounter                           0x08002af1   Thumb Code    24  stm32f10x_rtc.o(i.RTC_SetCounter)
    RTC_SetPrescaler                         0x08002b0d   Thumb Code    26  stm32f10x_rtc.o(i.RTC_SetPrescaler)
    RTC_WaitForLastTask                      0x08002b2d   Thumb Code    16  stm32f10x_rtc.o(i.RTC_WaitForLastTask)
    RTC_WaitForSynchro                       0x08002b41   Thumb Code    30  stm32f10x_rtc.o(i.RTC_WaitForSynchro)
    SVC_Handler                              0x08002b65   Thumb Code     2  stm32f10x_it.o(i.SVC_Handler)
    SetTimePage                              0x08002cc5   Thumb Code   304  settime.o(i.SetTimePage)
    SettingPage                              0x08002e61   Thumb Code   186  menu.o(i.SettingPage)
    Setting_ShowUI                           0x08002f29   Thumb Code    44  menu.o(i.Setting_ShowUI)
    SysTick_Handler                          0x08002f79   Thumb Code     2  stm32f10x_it.o(i.SysTick_Handler)
    SystemInit                               0x08002f7d   Thumb Code    78  system_stm32f10x.o(i.SystemInit)
    TIM2_IRQHandler                          0x08002fdd   Thumb Code    28  main.o(i.TIM2_IRQHandler)
    TIM_ClearFlag                            0x08002ff9   Thumb Code     6  stm32f10x_tim.o(i.TIM_ClearFlag)
    TIM_ClearITPendingBit                    0x08002fff   Thumb Code     6  stm32f10x_tim.o(i.TIM_ClearITPendingBit)
    TIM_Cmd                                  0x08003005   Thumb Code    24  stm32f10x_tim.o(i.TIM_Cmd)
    TIM_GetITStatus                          0x0800301d   Thumb Code    34  stm32f10x_tim.o(i.TIM_GetITStatus)
    TIM_ITConfig                             0x0800303f   Thumb Code    18  stm32f10x_tim.o(i.TIM_ITConfig)
    TIM_InternalClockConfig                  0x08003051   Thumb Code    12  stm32f10x_tim.o(i.TIM_InternalClockConfig)
    TIM_TimeBaseInit                         0x0800305d   Thumb Code   122  stm32f10x_tim.o(i.TIM_TimeBaseInit)
    Timer_Init                               0x08003101   Thumb Code   122  timer.o(i.Timer_Init)
    UsageFault_Handler                       0x0800317b   Thumb Code     4  stm32f10x_it.o(i.UsageFault_Handler)
    __ARM_fpclassify                         0x0800317f   Thumb Code    40  fpclassify.o(i.__ARM_fpclassify)
    _is_digit                                0x080031a7   Thumb Code    14  __printf_wp.o(i._is_digit)
    main                                     0x080031b5   Thumb Code    56  main.o(i.main)
    _get_lc_numeric                          0x080031f1   Thumb Code    44  lc_numeric_c.o(locale$$code)
    _get_lc_ctype                            0x0800321d   Thumb Code    44  lc_ctype_c.o(locale$$code)
    _printf_fp_dec                           0x08003249   Thumb Code     4  printf1.o(x$fpl$printf1)
    _printf_fp_hex                           0x0800324d   Thumb Code     4  printf2.o(x$fpl$printf2)
    OLED_F8x16                               0x08003250   Data        1520  oled_data.o(.constdata)
    __I$use$fp                               0x08003250   Number         0  usenofp.o(x$fpl$usenofp)
    OLED_F6x8                                0x08003840   Data         570  oled_data.o(.constdata)
    OLED_F12X24                              0x08003a7a   Data        3420  oled_data.o(.constdata)
    OLED_CF16x16                             0x080047d6   Data         703  oled_data.o(.constdata)
    Diode                                    0x08004a95   Data          32  oled_data.o(.constdata)
    Return                                   0x08004ab5   Data          32  oled_data.o(.constdata)
    _monlen                                  0x08004b19   Data          12  _monlen.o(.constdata)
    Region$$Table$$Base                      0x08004be0   Number         0  anon$$obj.o(Region$$Table)
    Region$$Table$$Limit                     0x08004c00   Number         0  anon$$obj.o(Region$$Table)
    __ctype                                  0x08004c29   Data           0  lc_ctype_c.o(locale$$data)
    MyRTC_Time                               0x20000000   Data          12  myrtc.o(.data)
    Key_Num                                  0x2000000c   Data           1  key.o(.data)
    MenuPageSele                             0x2000000f   Data           1  menu.o(.data)
    SettingPageSele                          0x20000010   Data           1  menu.o(.data)
    SettingPageSele_Temp                     0x20000011   Data           1  menu.o(.data)
    KeyNum                                   0x20000012   Data           1  menu.o(.data)
    SetTimeSele                              0x20000013   Data           1  settime.o(.data)
    PageNum                                  0x20000014   Data           1  main.o(.data)
    OLED_DisplayBuf                          0x20000018   Data        1024  oled.o(.bss)
    __libspace_start                         0x20000444   Data          96  libspace.o(.bss)
    __temporary_stack_top$libspace           0x200004a4   Data           0  libspace.o(.bss)



==============================================================================

Memory Map of the image

  Image Entry point : 0x080000ed

  Load Region LR_IROM1 (Base: 0x08000000, Size: 0x00004d44, Max: 0x00010000, ABSOLUTE)

    Execution Region ER_IROM1 (Exec base: 0x08000000, Load base: 0x08000000, Size: 0x00004d2c, Max: 0x00010000, ABSOLUTE)

    Exec Addr    Load Addr    Size         Type   Attr      Idx    E Section Name        Object

    0x08000000   0x08000000   0x000000ec   Data   RO            3    RESET               startup_stm32f10x_md.o
    0x080000ec   0x080000ec   0x00000008   Code   RO         3742  * !!!main             c_w.l(__main.o)
    0x080000f4   0x080000f4   0x00000034   Code   RO         4178    !!!scatter          c_w.l(__scatter.o)
    0x08000128   0x08000128   0x0000001a   Code   RO         4180    !!handler_copy      c_w.l(__scatter_copy.o)
    0x08000142   0x08000142   0x00000002   PAD
    0x08000144   0x08000144   0x0000001c   Code   RO         4182    !!handler_zi        c_w.l(__scatter_zi.o)
    0x08000160   0x08000160   0x00000000   Code   RO         3884    .ARM.Collect$$_printf_percent$$00000000  c_w.l(_printf_percent.o)
    0x08000160   0x08000160   0x00000006   Code   RO         3873    .ARM.Collect$$_printf_percent$$00000001  c_w.l(_printf_n.o)
    0x08000166   0x08000166   0x00000006   Code   RO         3875    .ARM.Collect$$_printf_percent$$00000002  c_w.l(_printf_p.o)
    0x0800016c   0x0800016c   0x00000006   Code   RO         3880    .ARM.Collect$$_printf_percent$$00000003  c_w.l(_printf_f.o)
    0x08000172   0x08000172   0x00000006   Code   RO         3881    .ARM.Collect$$_printf_percent$$00000004  c_w.l(_printf_e.o)
    0x08000178   0x08000178   0x00000006   Code   RO         3882    .ARM.Collect$$_printf_percent$$00000005  c_w.l(_printf_g.o)
    0x0800017e   0x0800017e   0x00000006   Code   RO         3883    .ARM.Collect$$_printf_percent$$00000006  c_w.l(_printf_a.o)
    0x08000184   0x08000184   0x0000000a   Code   RO         3888    .ARM.Collect$$_printf_percent$$00000007  c_w.l(_printf_ll.o)
    0x0800018e   0x0800018e   0x00000006   Code   RO         3877    .ARM.Collect$$_printf_percent$$00000008  c_w.l(_printf_i.o)
    0x08000194   0x08000194   0x00000006   Code   RO         3878    .ARM.Collect$$_printf_percent$$00000009  c_w.l(_printf_d.o)
    0x0800019a   0x0800019a   0x00000006   Code   RO         3879    .ARM.Collect$$_printf_percent$$0000000A  c_w.l(_printf_u.o)
    0x080001a0   0x080001a0   0x00000006   Code   RO         3876    .ARM.Collect$$_printf_percent$$0000000B  c_w.l(_printf_o.o)
    0x080001a6   0x080001a6   0x00000006   Code   RO         3874    .ARM.Collect$$_printf_percent$$0000000C  c_w.l(_printf_x.o)
    0x080001ac   0x080001ac   0x00000006   Code   RO         3885    .ARM.Collect$$_printf_percent$$0000000D  c_w.l(_printf_lli.o)
    0x080001b2   0x080001b2   0x00000006   Code   RO         3886    .ARM.Collect$$_printf_percent$$0000000E  c_w.l(_printf_lld.o)
    0x080001b8   0x080001b8   0x00000006   Code   RO         3887    .ARM.Collect$$_printf_percent$$0000000F  c_w.l(_printf_llu.o)
    0x080001be   0x080001be   0x00000006   Code   RO         3892    .ARM.Collect$$_printf_percent$$00000010  c_w.l(_printf_llo.o)
    0x080001c4   0x080001c4   0x00000006   Code   RO         3893    .ARM.Collect$$_printf_percent$$00000011  c_w.l(_printf_llx.o)
    0x080001ca   0x080001ca   0x0000000a   Code   RO         3889    .ARM.Collect$$_printf_percent$$00000012  c_w.l(_printf_l.o)
    0x080001d4   0x080001d4   0x00000006   Code   RO         3871    .ARM.Collect$$_printf_percent$$00000013  c_w.l(_printf_c.o)
    0x080001da   0x080001da   0x00000006   Code   RO         3872    .ARM.Collect$$_printf_percent$$00000014  c_w.l(_printf_s.o)
    0x080001e0   0x080001e0   0x00000006   Code   RO         3890    .ARM.Collect$$_printf_percent$$00000015  c_w.l(_printf_lc.o)
    0x080001e6   0x080001e6   0x00000006   Code   RO         3891    .ARM.Collect$$_printf_percent$$00000016  c_w.l(_printf_ls.o)
    0x080001ec   0x080001ec   0x00000004   Code   RO         3980    .ARM.Collect$$_printf_percent$$00000017  c_w.l(_printf_percent_end.o)
    0x080001f0   0x080001f0   0x00000002   Code   RO         4040    .ARM.Collect$$libinit$$00000000  c_w.l(libinit.o)
    0x080001f2   0x080001f2   0x00000000   Code   RO         4051    .ARM.Collect$$libinit$$00000002  c_w.l(libinit2.o)
    0x080001f2   0x080001f2   0x00000000   Code   RO         4053    .ARM.Collect$$libinit$$00000004  c_w.l(libinit2.o)
    0x080001f2   0x080001f2   0x00000000   Code   RO         4056    .ARM.Collect$$libinit$$0000000A  c_w.l(libinit2.o)
    0x080001f2   0x080001f2   0x00000000   Code   RO         4058    .ARM.Collect$$libinit$$0000000C  c_w.l(libinit2.o)
    0x080001f2   0x080001f2   0x00000000   Code   RO         4060    .ARM.Collect$$libinit$$0000000E  c_w.l(libinit2.o)
    0x080001f2   0x080001f2   0x00000006   Code   RO         4061    .ARM.Collect$$libinit$$0000000F  c_w.l(libinit2.o)
    0x080001f8   0x080001f8   0x00000000   Code   RO         4063    .ARM.Collect$$libinit$$00000011  c_w.l(libinit2.o)
    0x080001f8   0x080001f8   0x0000000c   Code   RO         4064    .ARM.Collect$$libinit$$00000012  c_w.l(libinit2.o)
    0x08000204   0x08000204   0x00000000   Code   RO         4065    .ARM.Collect$$libinit$$00000013  c_w.l(libinit2.o)
    0x08000204   0x08000204   0x00000000   Code   RO         4067    .ARM.Collect$$libinit$$00000015  c_w.l(libinit2.o)
    0x08000204   0x08000204   0x0000000a   Code   RO         4068    .ARM.Collect$$libinit$$00000016  c_w.l(libinit2.o)
    0x0800020e   0x0800020e   0x00000000   Code   RO         4069    .ARM.Collect$$libinit$$00000017  c_w.l(libinit2.o)
    0x0800020e   0x0800020e   0x00000000   Code   RO         4071    .ARM.Collect$$libinit$$00000019  c_w.l(libinit2.o)
    0x0800020e   0x0800020e   0x00000000   Code   RO         4073    .ARM.Collect$$libinit$$0000001B  c_w.l(libinit2.o)
    0x0800020e   0x0800020e   0x00000000   Code   RO         4075    .ARM.Collect$$libinit$$0000001D  c_w.l(libinit2.o)
    0x0800020e   0x0800020e   0x00000000   Code   RO         4077    .ARM.Collect$$libinit$$0000001F  c_w.l(libinit2.o)
    0x0800020e   0x0800020e   0x00000000   Code   RO         4079    .ARM.Collect$$libinit$$00000021  c_w.l(libinit2.o)
    0x0800020e   0x0800020e   0x00000000   Code   RO         4081    .ARM.Collect$$libinit$$00000023  c_w.l(libinit2.o)
    0x0800020e   0x0800020e   0x00000000   Code   RO         4083    .ARM.Collect$$libinit$$00000025  c_w.l(libinit2.o)
    0x0800020e   0x0800020e   0x00000000   Code   RO         4087    .ARM.Collect$$libinit$$0000002C  c_w.l(libinit2.o)
    0x0800020e   0x0800020e   0x00000000   Code   RO         4089    .ARM.Collect$$libinit$$0000002E  c_w.l(libinit2.o)
    0x0800020e   0x0800020e   0x00000000   Code   RO         4091    .ARM.Collect$$libinit$$00000030  c_w.l(libinit2.o)
    0x0800020e   0x0800020e   0x00000000   Code   RO         4093    .ARM.Collect$$libinit$$00000032  c_w.l(libinit2.o)
    0x0800020e   0x0800020e   0x00000002   Code   RO         4094    .ARM.Collect$$libinit$$00000033  c_w.l(libinit2.o)
    0x08000210   0x08000210   0x00000002   Code   RO         4118    .ARM.Collect$$libshutdown$$00000000  c_w.l(libshutdown.o)
    0x08000212   0x08000212   0x00000000   Code   RO         4131    .ARM.Collect$$libshutdown$$00000002  c_w.l(libshutdown2.o)
    0x08000212   0x08000212   0x00000000   Code   RO         4133    .ARM.Collect$$libshutdown$$00000004  c_w.l(libshutdown2.o)
    0x08000212   0x08000212   0x00000000   Code   RO         4136    .ARM.Collect$$libshutdown$$00000007  c_w.l(libshutdown2.o)
    0x08000212   0x08000212   0x00000000   Code   RO         4139    .ARM.Collect$$libshutdown$$0000000A  c_w.l(libshutdown2.o)
    0x08000212   0x08000212   0x00000000   Code   RO         4141    .ARM.Collect$$libshutdown$$0000000C  c_w.l(libshutdown2.o)
    0x08000212   0x08000212   0x00000000   Code   RO         4144    .ARM.Collect$$libshutdown$$0000000F  c_w.l(libshutdown2.o)
    0x08000212   0x08000212   0x00000002   Code   RO         4145    .ARM.Collect$$libshutdown$$00000010  c_w.l(libshutdown2.o)
    0x08000214   0x08000214   0x00000000   Code   RO         3800    .ARM.Collect$$rtentry$$00000000  c_w.l(__rtentry.o)
    0x08000214   0x08000214   0x00000000   Code   RO         3946    .ARM.Collect$$rtentry$$00000002  c_w.l(__rtentry2.o)
    0x08000214   0x08000214   0x00000006   Code   RO         3958    .ARM.Collect$$rtentry$$00000004  c_w.l(__rtentry4.o)
    0x0800021a   0x0800021a   0x00000000   Code   RO         3948    .ARM.Collect$$rtentry$$00000009  c_w.l(__rtentry2.o)
    0x0800021a   0x0800021a   0x00000004   Code   RO         3949    .ARM.Collect$$rtentry$$0000000A  c_w.l(__rtentry2.o)
    0x0800021e   0x0800021e   0x00000000   Code   RO         3951    .ARM.Collect$$rtentry$$0000000C  c_w.l(__rtentry2.o)
    0x0800021e   0x0800021e   0x00000008   Code   RO         3952    .ARM.Collect$$rtentry$$0000000D  c_w.l(__rtentry2.o)
    0x08000226   0x08000226   0x00000002   Code   RO         4045    .ARM.Collect$$rtexit$$00000000  c_w.l(rtexit.o)
    0x08000228   0x08000228   0x00000000   Code   RO         4098    .ARM.Collect$$rtexit$$00000002  c_w.l(rtexit2.o)
    0x08000228   0x08000228   0x00000004   Code   RO         4099    .ARM.Collect$$rtexit$$00000003  c_w.l(rtexit2.o)
    0x0800022c   0x0800022c   0x00000006   Code   RO         4100    .ARM.Collect$$rtexit$$00000004  c_w.l(rtexit2.o)
    0x08000232   0x08000232   0x00000002   PAD
    0x08000234   0x08000234   0x00000040   Code   RO            4    .text               startup_stm32f10x_md.o
    0x08000274   0x08000274   0x00000024   Code   RO         3729    .text               c_w.l(vsprintf.o)
    0x08000298   0x08000298   0x00000064   Code   RO         3731    .text               c_w.l(rt_memcpy_w.o)
    0x080002fc   0x080002fc   0x00000080   Code   RO         3733    .text               c_w.l(strcmpv7m.o)
    0x0800037c   0x0800037c   0x0000000c   Code   RO         3735    .text               c_w.l(localtime.o)
    0x08000388   0x08000388   0x000001ac   Code   RO         3738    .text               c_w.l(mktime.o)
    0x08000534   0x08000534   0x00000006   Code   RO         3740    .text               c_w.l(heapauxi.o)
    0x0800053a   0x0800053a   0x0000004e   Code   RO         3805    .text               c_w.l(_printf_pad.o)
    0x08000588   0x08000588   0x00000024   Code   RO         3807    .text               c_w.l(_printf_truncate.o)
    0x080005ac   0x080005ac   0x00000052   Code   RO         3809    .text               c_w.l(_printf_str.o)
    0x080005fe   0x080005fe   0x00000002   PAD
    0x08000600   0x08000600   0x00000078   Code   RO         3811    .text               c_w.l(_printf_dec.o)
    0x08000678   0x08000678   0x00000028   Code   RO         3813    .text               c_w.l(_printf_charcount.o)
    0x080006a0   0x080006a0   0x00000030   Code   RO         3815    .text               c_w.l(_printf_char_common.o)
    0x080006d0   0x080006d0   0x0000000a   Code   RO         3817    .text               c_w.l(_sputc.o)
    0x080006da   0x080006da   0x00000002   PAD
    0x080006dc   0x080006dc   0x000000bc   Code   RO         3819    .text               c_w.l(_printf_wctomb.o)
    0x08000798   0x08000798   0x0000007c   Code   RO         3822    .text               c_w.l(_printf_longlong_dec.o)
    0x08000814   0x08000814   0x00000070   Code   RO         3828    .text               c_w.l(_printf_oct_int_ll.o)
    0x08000884   0x08000884   0x00000094   Code   RO         3848    .text               c_w.l(_printf_hex_int_ll_ptr.o)
    0x08000918   0x08000918   0x00000188   Code   RO         3868    .text               c_w.l(__printf_flags_ss_wp.o)
    0x08000aa0   0x08000aa0   0x000000b8   Code   RO         3895    .text               c_w.l(localtime_internal.o)
    0x08000b58   0x08000b58   0x0000008a   Code   RO         3965    .text               c_w.l(lludiv10.o)
    0x08000be2   0x08000be2   0x000000b2   Code   RO         3967    .text               c_w.l(_printf_intcommon.o)
    0x08000c94   0x08000c94   0x0000041e   Code   RO         3969    .text               c_w.l(_printf_fp_dec.o)
    0x080010b2   0x080010b2   0x00000002   PAD
    0x080010b4   0x080010b4   0x000002fc   Code   RO         3971    .text               c_w.l(_printf_fp_hex.o)
    0x080013b0   0x080013b0   0x0000002c   Code   RO         3976    .text               c_w.l(_printf_char.o)
    0x080013dc   0x080013dc   0x0000002c   Code   RO         3978    .text               c_w.l(_printf_wchar.o)
    0x08001408   0x08001408   0x00000040   Code   RO         3981    .text               c_w.l(_wcrtomb.o)
    0x08001448   0x08001448   0x0000004e   Code   RO         3983    .text               c_w.l(rt_memclr_w.o)
    0x08001496   0x08001496   0x00000002   PAD
    0x08001498   0x08001498   0x00000008   Code   RO         3991    .text               c_w.l(libspace.o)
    0x080014a0   0x080014a0   0x0000004a   Code   RO         3994    .text               c_w.l(sys_stackheap_outer.o)
    0x080014ea   0x080014ea   0x00000002   PAD
    0x080014ec   0x080014ec   0x00000010   Code   RO         3996    .text               c_w.l(rt_ctype_table.o)
    0x080014fc   0x080014fc   0x00000008   Code   RO         4001    .text               c_w.l(rt_locale_intlibspace.o)
    0x08001504   0x08001504   0x00000080   Code   RO         4003    .text               c_w.l(_printf_fp_infnan.o)
    0x08001584   0x08001584   0x000000e4   Code   RO         4005    .text               c_w.l(bigflt0.o)
    0x08001668   0x08001668   0x00000012   Code   RO         4033    .text               c_w.l(exit.o)
    0x0800167a   0x0800167a   0x00000002   PAD
    0x0800167c   0x0800167c   0x0000000c   Code   RO         4110    .text               c_w.l(sys_exit.o)
    0x08001688   0x08001688   0x00000002   Code   RO         4121    .text               c_w.l(use_no_semi.o)
    0x0800168a   0x0800168a   0x00000000   Code   RO         4123    .text               c_w.l(indicate_semi.o)
    0x0800168a   0x0800168a   0x0000003e   Code   RO         4008    CL$$btod_d2e        c_w.l(btod.o)
    0x080016c8   0x080016c8   0x00000046   Code   RO         4010    CL$$btod_d2e_denorm_low  c_w.l(btod.o)
    0x0800170e   0x0800170e   0x00000060   Code   RO         4009    CL$$btod_d2e_norm_op1  c_w.l(btod.o)
    0x0800176e   0x0800176e   0x00000338   Code   RO         4018    CL$$btod_div_common  c_w.l(btod.o)
    0x08001aa6   0x08001aa6   0x000000dc   Code   RO         4015    CL$$btod_e2e        c_w.l(btod.o)
    0x08001b82   0x08001b82   0x0000002a   Code   RO         4012    CL$$btod_ediv       c_w.l(btod.o)
    0x08001bac   0x08001bac   0x0000002a   Code   RO         4011    CL$$btod_emul       c_w.l(btod.o)
    0x08001bd6   0x08001bd6   0x00000244   Code   RO         4017    CL$$btod_mult_common  c_w.l(btod.o)
    0x08001e1a   0x08001e1a   0x00000002   PAD
    0x08001e1c   0x08001e1c   0x0000001c   Code   RO          431    i.BKP_ReadBackupRegister  stm32f10x_bkp.o
    0x08001e38   0x08001e38   0x0000001c   Code   RO          435    i.BKP_WriteBackupRegister  stm32f10x_bkp.o
    0x08001e54   0x08001e54   0x00000004   Code   RO         3664    i.BusFault_Handler  stm32f10x_it.o
    0x08001e58   0x08001e58   0x00000002   Code   RO         3665    i.DebugMon_Handler  stm32f10x_it.o
    0x08001e5a   0x08001e5a   0x00000116   Code   RO         1347    i.GPIO_Init         stm32f10x_gpio.o
    0x08001f70   0x08001f70   0x00000012   Code   RO         1351    i.GPIO_ReadInputDataBit  stm32f10x_gpio.o
    0x08001f82   0x08001f82   0x0000000a   Code   RO         1358    i.GPIO_WriteBit     stm32f10x_gpio.o
    0x08001f8c   0x08001f8c   0x00000084   Code   RO         3555    i.Get_MenuPage      menu.o
    0x08002010   0x08002010   0x00000004   Code   RO         3666    i.HardFault_Handler  stm32f10x_it.o
    0x08002014   0x08002014   0x0000001c   Code   RO         3520    i.Key_GetNum        key.o
    0x08002030   0x08002030   0x00000030   Code   RO         3521    i.Key_GetState      key.o
    0x08002060   0x08002060   0x0000002c   Code   RO         3522    i.Key_Init          key.o
    0x0800208c   0x0800208c   0x00000034   Code   RO         3523    i.Key_Tick          key.o
    0x080020c0   0x080020c0   0x00000004   Code   RO         3667    i.MemManage_Handler  stm32f10x_it.o
    0x080020c4   0x080020c4   0x0000000c   Code   RO         3556    i.MenuAPB_Init      menu.o
    0x080020d0   0x080020d0   0x00000090   Code   RO         3557    i.Menu_ShowUI       menu.o
    0x08002160   0x08002160   0x00000072   Code   RO         3220    i.MyRTC_Init        myrtc.o
    0x080021d2   0x080021d2   0x00000002   PAD
    0x080021d4   0x080021d4   0x00000048   Code   RO         3221    i.MyRTC_ReadTime    myrtc.o
    0x0800221c   0x0800221c   0x0000004c   Code   RO         3222    i.MyRTC_SetTime     myrtc.o
    0x08002268   0x08002268   0x00000002   Code   RO         3668    i.NMI_Handler       stm32f10x_it.o
    0x0800226a   0x0800226a   0x00000002   PAD
    0x0800226c   0x0800226c   0x00000070   Code   RO          137    i.NVIC_Init         misc.o
    0x080022dc   0x080022dc   0x00000014   Code   RO          138    i.NVIC_PriorityGroupConfig  misc.o
    0x080022f0   0x080022f0   0x00000028   Code   RO         3262    i.OLED_Clear        oled.o
    0x08002318   0x08002318   0x00000090   Code   RO         3263    i.OLED_ClearArea    oled.o
    0x080023a8   0x080023a8   0x00000060   Code   RO         3271    i.OLED_GPIO_Init    oled.o
    0x08002408   0x08002408   0x0000003e   Code   RO         3273    i.OLED_I2C_SendByte  oled.o
    0x08002446   0x08002446   0x0000001c   Code   RO         3274    i.OLED_I2C_Start    oled.o
    0x08002462   0x08002462   0x00000016   Code   RO         3275    i.OLED_I2C_Stop     oled.o
    0x08002478   0x08002478   0x0000009a   Code   RO         3276    i.OLED_Init         oled.o
    0x08002512   0x08002512   0x00000032   Code   RO         3279    i.OLED_Printf       oled.o
    0x08002544   0x08002544   0x00000090   Code   RO         3281    i.OLED_ReverseArea  oled.o
    0x080025d4   0x080025d4   0x00000022   Code   RO         3282    i.OLED_SetCursor    oled.o
    0x080025f6   0x080025f6   0x00000002   PAD
    0x080025f8   0x080025f8   0x00000078   Code   RO         3284    i.OLED_ShowChar     oled.o
    0x08002670   0x08002670   0x000000fc   Code   RO         3287    i.OLED_ShowImage    oled.o
    0x0800276c   0x0800276c   0x000001c4   Code   RO         3290    i.OLED_ShowString   oled.o
    0x08002930   0x08002930   0x00000028   Code   RO         3291    i.OLED_Update       oled.o
    0x08002958   0x08002958   0x00000018   Code   RO         3293    i.OLED_W_SCL        oled.o
    0x08002970   0x08002970   0x00000018   Code   RO         3294    i.OLED_W_SDA        oled.o
    0x08002988   0x08002988   0x00000020   Code   RO         3295    i.OLED_WriteCommand  oled.o
    0x080029a8   0x080029a8   0x0000002e   Code   RO         3296    i.OLED_WriteData    oled.o
    0x080029d6   0x080029d6   0x00000002   PAD
    0x080029d8   0x080029d8   0x0000000c   Code   RO         1710    i.PWR_BackupAccessCmd  stm32f10x_pwr.o
    0x080029e4   0x080029e4   0x00000002   Code   RO         3669    i.PendSV_Handler    stm32f10x_it.o
    0x080029e6   0x080029e6   0x00000002   PAD
    0x080029e8   0x080029e8   0x00000020   Code   RO         1775    i.RCC_APB1PeriphClockCmd  stm32f10x_rcc.o
    0x08002a08   0x08002a08   0x00000020   Code   RO         1777    i.RCC_APB2PeriphClockCmd  stm32f10x_rcc.o
    0x08002a28   0x08002a28   0x0000003c   Code   RO         1786    i.RCC_GetFlagStatus  stm32f10x_rcc.o
    0x08002a64   0x08002a64   0x00000034   Code   RO         1793    i.RCC_LSEConfig     stm32f10x_rcc.o
    0x08002a98   0x08002a98   0x0000000c   Code   RO         1800    i.RCC_RTCCLKCmd     stm32f10x_rcc.o
    0x08002aa4   0x08002aa4   0x00000010   Code   RO         1801    i.RCC_RTCCLKConfig  stm32f10x_rcc.o
    0x08002ab4   0x08002ab4   0x00000014   Code   RO         1978    i.RTC_EnterConfigMode  stm32f10x_rtc.o
    0x08002ac8   0x08002ac8   0x00000014   Code   RO         1979    i.RTC_ExitConfigMode  stm32f10x_rtc.o
    0x08002adc   0x08002adc   0x00000014   Code   RO         1980    i.RTC_GetCounter    stm32f10x_rtc.o
    0x08002af0   0x08002af0   0x0000001c   Code   RO         1986    i.RTC_SetCounter    stm32f10x_rtc.o
    0x08002b0c   0x08002b0c   0x00000020   Code   RO         1987    i.RTC_SetPrescaler  stm32f10x_rtc.o
    0x08002b2c   0x08002b2c   0x00000014   Code   RO         1988    i.RTC_WaitForLastTask  stm32f10x_rtc.o
    0x08002b40   0x08002b40   0x00000024   Code   RO         1989    i.RTC_WaitForSynchro  stm32f10x_rtc.o
    0x08002b64   0x08002b64   0x00000002   Code   RO         3670    i.SVC_Handler       stm32f10x_it.o
    0x08002b66   0x08002b66   0x00000008   Code   RO           24    i.SetSysClock       system_stm32f10x.o
    0x08002b6e   0x08002b6e   0x00000002   PAD
    0x08002b70   0x08002b70   0x000000e0   Code   RO           25    i.SetSysClockTo72   system_stm32f10x.o
    0x08002c50   0x08002c50   0x00000074   Code   RO         3611    i.SetTimeFirst_ShowUI  settime.o
    0x08002cc4   0x08002cc4   0x00000138   Code   RO         3612    i.SetTimePage       settime.o
    0x08002dfc   0x08002dfc   0x00000064   Code   RO         3613    i.SetTimeSec_ShowUI  settime.o
    0x08002e60   0x08002e60   0x000000c8   Code   RO         3558    i.SettingPage       menu.o
    0x08002f28   0x08002f28   0x00000050   Code   RO         3559    i.Setting_ShowUI    menu.o
    0x08002f78   0x08002f78   0x00000002   Code   RO         3671    i.SysTick_Handler   stm32f10x_it.o
    0x08002f7a   0x08002f7a   0x00000002   PAD
    0x08002f7c   0x08002f7c   0x00000060   Code   RO           27    i.SystemInit        system_stm32f10x.o
    0x08002fdc   0x08002fdc   0x0000001c   Code   RO         3637    i.TIM2_IRQHandler   main.o
    0x08002ff8   0x08002ff8   0x00000006   Code   RO         2415    i.TIM_ClearFlag     stm32f10x_tim.o
    0x08002ffe   0x08002ffe   0x00000006   Code   RO         2416    i.TIM_ClearITPendingBit  stm32f10x_tim.o
    0x08003004   0x08003004   0x00000018   Code   RO         2421    i.TIM_Cmd           stm32f10x_tim.o
    0x0800301c   0x0800301c   0x00000022   Code   RO         2442    i.TIM_GetITStatus   stm32f10x_tim.o
    0x0800303e   0x0800303e   0x00000012   Code   RO         2446    i.TIM_ITConfig      stm32f10x_tim.o
    0x08003050   0x08003050   0x0000000c   Code   RO         2448    i.TIM_InternalClockConfig  stm32f10x_tim.o
    0x0800305c   0x0800305c   0x000000a4   Code   RO         2492    i.TIM_TimeBaseInit  stm32f10x_tim.o
    0x08003100   0x08003100   0x0000007a   Code   RO         3250    i.Timer_Init        timer.o
    0x0800317a   0x0800317a   0x00000004   Code   RO         3672    i.UsageFault_Handler  stm32f10x_it.o
    0x0800317e   0x0800317e   0x00000028   Code   RO         3987    i.__ARM_fpclassify  m_ws.l(fpclassify.o)
    0x080031a6   0x080031a6   0x0000000e   Code   RO         3861    i._is_digit         c_w.l(__printf_wp.o)
    0x080031b4   0x080031b4   0x0000003c   Code   RO         3638    i.main              main.o
    0x080031f0   0x080031f0   0x0000002c   Code   RO         4031    locale$$code        c_w.l(lc_numeric_c.o)
    0x0800321c   0x0800321c   0x0000002c   Code   RO         4048    locale$$code        c_w.l(lc_ctype_c.o)
    0x08003248   0x08003248   0x00000004   Code   RO         3911    x$fpl$printf1       fz_ws.l(printf1.o)
    0x0800324c   0x0800324c   0x00000004   Code   RO         3913    x$fpl$printf2       fz_ws.l(printf2.o)
    0x08003250   0x08003250   0x00000000   Code   RO         3919    x$fpl$usenofp       fz_ws.l(usenofp.o)
    0x08003250   0x08003250   0x00001885   Data   RO         3508    .constdata          oled_data.o
    0x08004ad5   0x08004ad5   0x00000003   PAD
    0x08004ad8   0x08004ad8   0x00000008   Data   RO         3820    .constdata          c_w.l(_printf_wctomb.o)
    0x08004ae0   0x08004ae0   0x00000028   Data   RO         3849    .constdata          c_w.l(_printf_hex_int_ll_ptr.o)
    0x08004b08   0x08004b08   0x00000011   Data   RO         3869    .constdata          c_w.l(__printf_flags_ss_wp.o)
    0x08004b19   0x08004b19   0x0000000c   Data   RO         3894    .constdata          c_w.l(_monlen.o)
    0x08004b25   0x08004b25   0x00000026   Data   RO         3972    .constdata          c_w.l(_printf_fp_hex.o)
    0x08004b4b   0x08004b4b   0x00000001   PAD
    0x08004b4c   0x08004b4c   0x00000094   Data   RO         4006    .constdata          c_w.l(bigflt0.o)
    0x08004be0   0x08004be0   0x00000020   Data   RO         4176    Region$$Table       anon$$obj.o
    0x08004c00   0x08004c00   0x0000001c   Data   RO         4030    locale$$data        c_w.l(lc_numeric_c.o)
    0x08004c1c   0x08004c1c   0x00000110   Data   RO         4047    locale$$data        c_w.l(lc_ctype_c.o)


    Execution Region RW_IRAM1 (Exec base: 0x20000000, Load base: 0x08004d2c, Size: 0x00000aa8, Max: 0x00005000, ABSOLUTE)

    Exec Addr    Load Addr    Size         Type   Attr      Idx    E Section Name        Object

    0x20000000   0x08004d2c   0x0000000c   Data   RW         3223    .data               myrtc.o
    0x2000000c   0x08004d38   0x00000003   Data   RW         3524    .data               key.o
    0x2000000f   0x08004d3b   0x00000004   Data   RW         3560    .data               menu.o
    0x20000013   0x08004d3f   0x00000001   Data   RW         3614    .data               settime.o
    0x20000014   0x08004d40   0x00000001   Data   RW         3639    .data               main.o
    0x20000015   0x08004d41   0x00000003   PAD
    0x20000018        -       0x00000400   Zero   RW         3298    .bss                oled.o
    0x20000418        -       0x0000002c   Zero   RW         3736    .bss                c_w.l(localtime.o)
    0x20000444        -       0x00000060   Zero   RW         3992    .bss                c_w.l(libspace.o)
    0x200004a4   0x08004d41   0x00000004   PAD
    0x200004a8        -       0x00000200   Zero   RW            2    HEAP                startup_stm32f10x_md.o
    0x200006a8        -       0x00000400   Zero   RW            1    STACK               startup_stm32f10x_md.o


==============================================================================

Image component sizes


      Code (inc. data)   RO Data    RW Data    ZI Data      Debug   Object Name

         0          0          0          0          0       4508   core_cm3.o
       172         26          0          3          0       2009   key.o
        88          4          0          1          0       1043   main.o
       568        110          0          4          0       2734   menu.o
       132         22          0          0          0     204655   misc.o
       262         10          0         12          0       2911   myrtc.o
      1764         58          0          0       1024      11552   oled.o
         0          0       6277          0          0       1121   oled_data.o
       528        100          0          1          0       1664   settime.o
        64         26        236          0       1536        804   startup_stm32f10x_md.o
         0          0          0          0          0       1636   stm32f10x_adc.o
        56         10          0          0          0       2019   stm32f10x_bkp.o
       306          0          0          0          0      11236   stm32f10x_gpio.o
        26          0          0          0          0       3558   stm32f10x_it.o
        12          6          0          0          0        458   stm32f10x_pwr.o
       204         32          0          0          0       3021   stm32f10x_rcc.o
       176         34          0          0          0       3143   stm32f10x_rtc.o
       264         42          0          0          0      24444   stm32f10x_tim.o
       328         28          0          0          0      30361   system_stm32f10x.o
       122          0          0          0          0        521   timer.o

    ----------------------------------------------------------------------
      5086        508       6548         24       2560     313398   Object Totals
         0          0         32          0          0          0   (incl. Generated)
        14          0          3          3          0          0   (incl. Padding)

    ----------------------------------------------------------------------

      Code (inc. data)   RO Data    RW Data    ZI Data      Debug   Library Member Name

         8          0          0          0          0         68   __main.o
       392          4         17          0          0         92   __printf_flags_ss_wp.o
        14          0          0          0          0         68   __printf_wp.o
         0          0          0          0          0          0   __rtentry.o
        12          0          0          0          0          0   __rtentry2.o
         6          0          0          0          0          0   __rtentry4.o
        52          8          0          0          0          0   __scatter.o
        26          0          0          0          0          0   __scatter_copy.o
        28          0          0          0          0          0   __scatter_zi.o
         0          0         12          0          0          0   _monlen.o
         6          0          0          0          0          0   _printf_a.o
         6          0          0          0          0          0   _printf_c.o
        44          0          0          0          0        108   _printf_char.o
        48          6          0          0          0         96   _printf_char_common.o
        40          0          0          0          0         68   _printf_charcount.o
         6          0          0          0          0          0   _printf_d.o
       120         16          0          0          0         92   _printf_dec.o
         6          0          0          0          0          0   _printf_e.o
         6          0          0          0          0          0   _printf_f.o
      1054          0          0          0          0        216   _printf_fp_dec.o
       764          8         38          0          0        100   _printf_fp_hex.o
       128         16          0          0          0         84   _printf_fp_infnan.o
         6          0          0          0          0          0   _printf_g.o
       148          4         40          0          0        160   _printf_hex_int_ll_ptr.o
         6          0          0          0          0          0   _printf_i.o
       178          0          0          0          0         88   _printf_intcommon.o
        10          0          0          0          0          0   _printf_l.o
         6          0          0          0          0          0   _printf_lc.o
        10          0          0          0          0          0   _printf_ll.o
         6          0          0          0          0          0   _printf_lld.o
         6          0          0          0          0          0   _printf_lli.o
         6          0          0          0          0          0   _printf_llo.o
         6          0          0          0          0          0   _printf_llu.o
         6          0          0          0          0          0   _printf_llx.o
       124         16          0          0          0         92   _printf_longlong_dec.o
         6          0          0          0          0          0   _printf_ls.o
         6          0          0          0          0          0   _printf_n.o
         6          0          0          0          0          0   _printf_o.o
       112         10          0          0          0        124   _printf_oct_int_ll.o
         6          0          0          0          0          0   _printf_p.o
        78          0          0          0          0        108   _printf_pad.o
         0          0          0          0          0          0   _printf_percent.o
         4          0          0          0          0          0   _printf_percent_end.o
         6          0          0          0          0          0   _printf_s.o
        82          0          0          0          0         80   _printf_str.o
        36          0          0          0          0         84   _printf_truncate.o
         6          0          0          0          0          0   _printf_u.o
        44          0          0          0          0        108   _printf_wchar.o
       188          6          8          0          0         92   _printf_wctomb.o
         6          0          0          0          0          0   _printf_x.o
        10          0          0          0          0         68   _sputc.o
        64          0          0          0          0         92   _wcrtomb.o
       228          4        148          0          0         96   bigflt0.o
      1936        128          0          0          0        672   btod.o
        18          0          0          0          0         80   exit.o
         6          0          0          0          0        152   heapauxi.o
         0          0          0          0          0          0   indicate_semi.o
        44         10        272          0          0         76   lc_ctype_c.o
        44         10         28          0          0         76   lc_numeric_c.o
         2          0          0          0          0          0   libinit.o
        30          0          0          0          0          0   libinit2.o
         2          0          0          0          0          0   libshutdown.o
         2          0          0          0          0          0   libshutdown2.o
         8          4          0          0         96         68   libspace.o
       138          0          0          0          0         80   lludiv10.o
        12          6          0          0         44         68   localtime.o
       184          6          0          0          0         80   localtime_internal.o
       428         10          0          0          0        116   mktime.o
        16          4          0          0          0         76   rt_ctype_table.o
         8          4          0          0          0         68   rt_locale_intlibspace.o
        78          0          0          0          0         80   rt_memclr_w.o
       100          0          0          0          0         80   rt_memcpy_w.o
         2          0          0          0          0          0   rtexit.o
        10          0          0          0          0          0   rtexit2.o
       128          0          0          0          0         68   strcmpv7m.o
        12          4          0          0          0         68   sys_exit.o
        74          0          0          0          0         80   sys_stackheap_outer.o
         2          0          0          0          0         68   use_no_semi.o
        36          4          0          0          0         76   vsprintf.o
         4          0          0          0          0         68   printf1.o
         4          0          0          0          0         68   printf2.o
         0          0          0          0          0          0   usenofp.o
        40          0          0          0          0         68   fpclassify.o

    ----------------------------------------------------------------------
      7558        288        564          0        144       4520   Library Totals
        18          0          1          0          4          0   (incl. Padding)

    ----------------------------------------------------------------------

      Code (inc. data)   RO Data    RW Data    ZI Data      Debug   Library Name

      7492        288        563          0        140       4316   c_w.l
         8          0          0          0          0        136   fz_ws.l
        40          0          0          0          0         68   m_ws.l

    ----------------------------------------------------------------------
      7558        288        564          0        144       4520   Library Totals

    ----------------------------------------------------------------------

==============================================================================


      Code (inc. data)   RO Data    RW Data    ZI Data      Debug   

     12644        796       7112         24       2704     311778   Grand Totals
     12644        796       7112         24       2704     311778   ELF Image Totals
     12644        796       7112         24          0          0   ROM Totals

==============================================================================

    Total RO  Size (Code + RO Data)                19756 (  19.29kB)
    Total RW  Size (RW Data + ZI Data)              2728 (   2.66kB)
    Total ROM Size (Code + RO Data + RW Data)      19780 (  19.32kB)

==============================================================================

